2026-10-01 22:38:17,421 WARNING MPS kernels are not bit-reproducible; repeated runs of a seed may differ.
Warning: You are sending unauthenticated requests to the HF Hub. Please set a HF_TOKEN to enable higher rate limits and faster downloads.
2026-10-01 22:38:17,985 WARNING Warning: You are sending unauthenticated requests to the HF Hub. Please set a HF_TOKEN to enable higher rate limits and faster downloads.
Loading weights:   0%|          | 0/197 [00:00<?, ?it/s]Loading weights: 100%|██████████| 197/197 [00:00<00:00, 11050.04it/s]
[transformers] [1mRobertaModel LOAD REPORT[0m from: Qualcomm-AI-Research/BamiBERT
Key                       | Status     |  | 
--------------------------+------------+--+-
lm_head.decoder.bias      | UNEXPECTED |  | 
lm_head.dense.bias        | UNEXPECTED |  | 
lm_head.dense.weight      | UNEXPECTED |  | 
lm_head.layer_norm.bias   | UNEXPECTED |  | 
lm_head.layer_norm.weight | UNEXPECTED |  | 
lm_head.bias              | UNEXPECTED |  | 

Notes:
- UNEXPECTED:	can be ignored when loading from different task/architecture; not ok if you expect identical arch.
2026-10-01 22:38:21,306 WARNING [1mRobertaModel LOAD REPORT[0m from: Qualcomm-AI-Research/BamiBERT
Key                       | Status     |  | 
--------------------------+------------+--+-
lm_head.decoder.bias      | UNEXPECTED |  | 
lm_head.dense.bias        | UNEXPECTED |  | 
lm_head.dense.weight      | UNEXPECTED |  | 
lm_head.layer_norm.bias   | UNEXPECTED |  | 
lm_head.layer_norm.weight | UNEXPECTED |  | 
lm_head.bias              | UNEXPECTED |  | 

Notes:
- UNEXPECTED:	can be ignored when loading from different task/architecture; not ok if you expect identical arch.
/Users/8bu/Projects/gidi/.venv/lib/python3.12/site-packages/torch/autograd/graph.py:1072: UserWarning: index_put_with_accumulate_mps does not have a deterministic implementation, but you set 'torch.use_deterministic_algorithms(True, warn_only=True)'. You can file an issue at https://github.com/pytorch/pytorch/issues to help us prioritize adding deterministic support for this operation. (Triggered internally at /Users/runner/work/pytorch/pytorch/aten/src/ATen/Context.cpp:190.)
  return Variable._execution_engine.run_backward(  # Calls into the C++ engine to run the backward pass
2026-10-01 22:38:43,673 INFO [supervised student-4x768-pretrained seed1] epoch 1 step 91 loss 2.6106 (in-sample val: type F1 0.0802, span F1 0.0000) 20.9s
2026-10-01 22:39:02,606 INFO [supervised student-4x768-pretrained seed1] epoch 2 step 182 loss 2.0037 (in-sample val: type F1 0.5200, span F1 0.0000) 18.8s
2026-10-01 22:39:21,535 INFO [supervised student-4x768-pretrained seed1] epoch 3 step 273 loss 1.2383 (in-sample val: type F1 0.8785, span F1 0.0357) 18.8s
2026-10-01 22:39:40,789 INFO [supervised student-4x768-pretrained seed1] epoch 4 step 364 loss 0.7174 (in-sample val: type F1 0.9790, span F1 0.2963) 19.1s
2026-10-01 22:40:01,024 INFO [supervised student-4x768-pretrained seed1] epoch 5 step 455 loss 0.4584 (in-sample val: type F1 1.0000, span F1 0.6813) 20.1s
2026-10-01 22:40:20,918 INFO [supervised student-4x768-pretrained seed1] epoch 6 step 546 loss 0.2573 (in-sample val: type F1 1.0000, span F1 0.7429) 19.8s
2026-10-01 22:40:40,117 INFO [supervised student-4x768-pretrained seed1] epoch 7 step 637 loss 0.1618 (in-sample val: type F1 0.9915, span F1 0.8704) 19.1s
2026-10-01 22:41:00,047 INFO [supervised student-4x768-pretrained seed1] epoch 8 step 728 loss 0.1095 (in-sample val: type F1 1.0000, span F1 0.9358) 19.9s
2026-10-01 22:41:18,932 INFO [supervised student-4x768-pretrained seed1] epoch 9 step 819 loss 0.0499 (in-sample val: type F1 1.0000, span F1 1.0000) 18.8s
2026-10-01 22:41:38,122 INFO [supervised student-4x768-pretrained seed1] epoch 10 step 910 loss 0.0488 (in-sample val: type F1 1.0000, span F1 0.9908) 19.1s
2026-10-01 22:41:57,641 INFO [supervised student-4x768-pretrained seed1] epoch 11 step 1001 loss 0.0163 (in-sample val: type F1 1.0000, span F1 1.0000) 19.4s
2026-10-01 22:42:20,463 INFO [supervised student-4x768-pretrained seed1] epoch 12 step 1092 loss 0.0163 (in-sample val: type F1 1.0000, span F1 1.0000) 22.7s
2026-10-01 22:42:40,412 INFO [supervised student-4x768-pretrained seed1] epoch 13 step 1183 loss 0.0119 (in-sample val: type F1 1.0000, span F1 1.0000) 19.5s
2026-10-01 22:43:01,276 INFO [supervised student-4x768-pretrained seed1] epoch 14 step 1274 loss 0.0069 (in-sample val: type F1 1.0000, span F1 1.0000) 20.8s
2026-10-01 22:43:20,245 INFO [supervised student-4x768-pretrained seed1] epoch 15 step 1365 loss 0.0084 (in-sample val: type F1 1.0000, span F1 1.0000) 18.8s
2026-10-01 22:43:39,430 INFO [supervised student-4x768-pretrained seed1] epoch 16 step 1456 loss 0.0076 (in-sample val: type F1 1.0000, span F1 1.0000) 19.1s
2026-10-01 22:43:59,924 INFO [supervised student-4x768-pretrained seed1] epoch 17 step 1547 loss 0.0018 (in-sample val: type F1 1.0000, span F1 1.0000) 20.4s
2026-10-01 22:44:19,077 INFO [supervised student-4x768-pretrained seed1] epoch 18 step 1638 loss 0.0023 (in-sample val: type F1 1.0000, span F1 1.0000) 19.1s
2026-10-01 22:44:38,446 INFO [supervised student-4x768-pretrained seed1] epoch 19 step 1729 loss 0.0020 (in-sample val: type F1 1.0000, span F1 1.0000) 19.3s
2026-10-01 22:44:57,022 INFO [supervised student-4x768-pretrained seed1] epoch 20 step 1820 loss 0.0023 (in-sample val: type F1 1.0000, span F1 1.0000) 18.5s
2026-10-01 22:45:16,384 INFO [supervised student-4x768-pretrained seed1] epoch 21 step 1911 loss 0.0004 (in-sample val: type F1 1.0000, span F1 1.0000) 19.2s
2026-10-01 22:45:35,418 INFO [supervised student-4x768-pretrained seed1] epoch 22 step 2002 loss 0.0003 (in-sample val: type F1 1.0000, span F1 1.0000) 18.9s
2026-10-01 22:45:54,331 INFO [supervised student-4x768-pretrained seed1] epoch 23 step 2093 loss 0.0006 (in-sample val: type F1 1.0000, span F1 1.0000) 18.8s
2026-10-01 22:46:14,309 INFO [supervised student-4x768-pretrained seed1] epoch 24 step 2184 loss 0.0014 (in-sample val: type F1 1.0000, span F1 1.0000) 19.9s
2026-10-01 22:46:33,239 INFO [supervised student-4x768-pretrained seed1] epoch 25 step 2275 loss 0.0005 (in-sample val: type F1 1.0000, span F1 1.0000) 18.8s
2026-10-01 22:46:52,879 INFO [supervised student-4x768-pretrained seed1] epoch 26 step 2366 loss 0.0009 (in-sample val: type F1 1.0000, span F1 1.0000) 19.5s
2026-10-01 22:47:13,280 INFO [supervised student-4x768-pretrained seed1] epoch 27 step 2457 loss 0.0002 (in-sample val: type F1 1.0000, span F1 1.0000) 20.3s
2026-10-01 22:47:33,695 INFO [supervised student-4x768-pretrained seed1] epoch 28 step 2548 loss 0.0008 (in-sample val: type F1 1.0000, span F1 1.0000) 20.3s
2026-10-01 22:47:53,091 INFO [supervised student-4x768-pretrained seed1] epoch 29 step 2639 loss 0.0005 (in-sample val: type F1 1.0000, span F1 1.0000) 19.3s
2026-10-01 22:48:12,974 INFO [supervised student-4x768-pretrained seed1] epoch 30 step 2730 loss 0.0006 (in-sample val: type F1 1.0000, span F1 1.0000) 19.8s
2026-10-01 22:48:32,744 INFO [supervised student-4x768-pretrained seed1] epoch 31 step 2821 loss 0.0001 (in-sample val: type F1 1.0000, span F1 1.0000) 19.7s
2026-10-01 22:48:52,276 INFO [supervised student-4x768-pretrained seed1] epoch 32 step 2912 loss 0.0004 (in-sample val: type F1 1.0000, span F1 1.0000) 19.4s
2026-10-01 22:49:11,838 INFO [supervised student-4x768-pretrained seed1] epoch 33 step 3003 loss 0.0002 (in-sample val: type F1 1.0000, span F1 1.0000) 19.4s
2026-10-01 22:49:31,581 INFO [supervised student-4x768-pretrained seed1] epoch 34 step 3094 loss 0.0003 (in-sample val: type F1 1.0000, span F1 1.0000) 19.6s
2026-10-01 22:49:51,126 INFO [supervised student-4x768-pretrained seed1] epoch 35 step 3185 loss 0.0001 (in-sample val: type F1 1.0000, span F1 1.0000) 19.4s
2026-10-01 22:50:10,536 INFO [supervised student-4x768-pretrained seed1] epoch 36 step 3276 loss 0.0001 (in-sample val: type F1 1.0000, span F1 1.0000) 19.3s
2026-10-01 22:50:28,891 INFO [supervised student-4x768-pretrained seed1] epoch 37 step 3367 loss 0.0001 (in-sample val: type F1 1.0000, span F1 1.0000) 18.2s
2026-10-01 22:50:48,123 INFO [supervised student-4x768-pretrained seed1] epoch 38 step 3458 loss 0.0001 (in-sample val: type F1 1.0000, span F1 1.0000) 19.1s
2026-10-01 22:51:07,719 INFO [supervised student-4x768-pretrained seed1] epoch 39 step 3549 loss 0.0003 (in-sample val: type F1 1.0000, span F1 1.0000) 19.5s
2026-10-01 22:51:25,475 INFO [supervised student-4x768-pretrained seed1] epoch 40 step 3640 loss 0.0001 (in-sample val: type F1 1.0000, span F1 1.0000) 17.6s
2026-10-01 22:51:26,428 WARNING MPS kernels are not bit-reproducible; repeated runs of a seed may differ.
Loading weights:   0%|          | 0/197 [00:00<?, ?it/s]Loading weights: 100%|██████████| 197/197 [00:00<00:00, 6798.96it/s]
[transformers] [1mRobertaModel LOAD REPORT[0m from: Qualcomm-AI-Research/BamiBERT
Key                       | Status     |  | 
--------------------------+------------+--+-
lm_head.decoder.bias      | UNEXPECTED |  | 
lm_head.dense.bias        | UNEXPECTED |  | 
lm_head.dense.weight      | UNEXPECTED |  | 
lm_head.layer_norm.bias   | UNEXPECTED |  | 
lm_head.layer_norm.weight | UNEXPECTED |  | 
lm_head.bias              | UNEXPECTED |  | 

Notes:
- UNEXPECTED:	can be ignored when loading from different task/architecture; not ok if you expect identical arch.
2026-10-01 22:51:29,909 WARNING [1mRobertaModel LOAD REPORT[0m from: Qualcomm-AI-Research/BamiBERT
Key                       | Status     |  | 
--------------------------+------------+--+-
lm_head.decoder.bias      | UNEXPECTED |  | 
lm_head.dense.bias        | UNEXPECTED |  | 
lm_head.dense.weight      | UNEXPECTED |  | 
lm_head.layer_norm.bias   | UNEXPECTED |  | 
lm_head.layer_norm.weight | UNEXPECTED |  | 
lm_head.bias              | UNEXPECTED |  | 

Notes:
- UNEXPECTED:	can be ignored when loading from different task/architecture; not ok if you expect identical arch.
2026-10-01 22:51:48,253 INFO [supervised student-4x768-pretrained seed2] epoch 1 step 91 loss 2.6491 (in-sample val: type F1 0.2071, span F1 0.0000) 17.6s
2026-10-01 22:52:07,245 INFO [supervised student-4x768-pretrained seed2] epoch 2 step 182 loss 2.0136 (in-sample val: type F1 0.5878, span F1 0.0000) 18.9s
2026-10-01 22:52:26,565 INFO [supervised student-4x768-pretrained seed2] epoch 3 step 273 loss 1.1855 (in-sample val: type F1 0.9305, span F1 0.0345) 19.2s
2026-10-01 22:52:45,777 INFO [supervised student-4x768-pretrained seed2] epoch 4 step 364 loss 0.7362 (in-sample val: type F1 0.9841, span F1 0.3614) 19.1s
2026-10-01 22:53:04,505 INFO [supervised student-4x768-pretrained seed2] epoch 5 step 455 loss 0.4498 (in-sample val: type F1 0.9754, span F1 0.5057) 18.6s
2026-10-01 22:53:23,730 INFO [supervised student-4x768-pretrained seed2] epoch 6 step 546 loss 0.2645 (in-sample val: type F1 0.9722, span F1 0.7857) 19.1s
2026-10-01 22:53:42,828 INFO [supervised student-4x768-pretrained seed2] epoch 7 step 637 loss 0.1553 (in-sample val: type F1 1.0000, span F1 0.8440) 19.0s
2026-10-01 22:54:02,258 INFO [supervised student-4x768-pretrained seed2] epoch 8 step 728 loss 0.0842 (in-sample val: type F1 1.0000, span F1 0.9524) 19.3s
2026-10-01 22:54:21,155 INFO [supervised student-4x768-pretrained seed2] epoch 9 step 819 loss 0.0491 (in-sample val: type F1 1.0000, span F1 0.9908) 18.8s
2026-10-01 22:54:40,435 INFO [supervised student-4x768-pretrained seed2] epoch 10 step 910 loss 0.0252 (in-sample val: type F1 1.0000, span F1 0.9630) 19.2s
2026-10-01 22:54:59,438 INFO [supervised student-4x768-pretrained seed2] epoch 11 step 1001 loss 0.0262 (in-sample val: type F1 1.0000, span F1 0.9815) 18.9s
2026-10-01 22:55:18,267 INFO [supervised student-4x768-pretrained seed2] epoch 12 step 1092 loss 0.0081 (in-sample val: type F1 1.0000, span F1 0.9815) 18.7s
2026-10-01 22:55:37,468 INFO [supervised student-4x768-pretrained seed2] epoch 13 step 1183 loss 0.0050 (in-sample val: type F1 1.0000, span F1 1.0000) 19.1s
2026-10-01 22:55:56,961 INFO [supervised student-4x768-pretrained seed2] epoch 14 step 1274 loss 0.0048 (in-sample val: type F1 1.0000, span F1 0.9907) 19.4s
2026-10-01 22:56:16,172 INFO [supervised student-4x768-pretrained seed2] epoch 15 step 1365 loss 0.0067 (in-sample val: type F1 1.0000, span F1 1.0000) 19.1s
2026-10-01 22:56:34,605 INFO [supervised student-4x768-pretrained seed2] epoch 16 step 1456 loss 0.0037 (in-sample val: type F1 1.0000, span F1 0.9815) 18.3s
2026-10-01 22:56:53,679 INFO [supervised student-4x768-pretrained seed2] epoch 17 step 1547 loss 0.0022 (in-sample val: type F1 1.0000, span F1 1.0000) 19.0s
2026-10-01 22:57:12,530 INFO [supervised student-4x768-pretrained seed2] epoch 18 step 1638 loss 0.0017 (in-sample val: type F1 1.0000, span F1 1.0000) 18.8s
2026-10-01 22:57:31,739 INFO [supervised student-4x768-pretrained seed2] epoch 19 step 1729 loss 0.0022 (in-sample val: type F1 1.0000, span F1 1.0000) 19.1s
2026-10-01 22:57:50,660 INFO [supervised student-4x768-pretrained seed2] epoch 20 step 1820 loss 0.0063 (in-sample val: type F1 1.0000, span F1 1.0000) 18.8s
2026-10-01 22:58:09,421 INFO [supervised student-4x768-pretrained seed2] epoch 21 step 1911 loss 0.0073 (in-sample val: type F1 1.0000, span F1 1.0000) 18.7s
2026-10-01 22:58:29,053 INFO [supervised student-4x768-pretrained seed2] epoch 22 step 2002 loss 0.0014 (in-sample val: type F1 1.0000, span F1 1.0000) 19.5s
2026-10-01 22:58:48,772 INFO [supervised student-4x768-pretrained seed2] epoch 23 step 2093 loss 0.0010 (in-sample val: type F1 1.0000, span F1 1.0000) 19.6s
2026-10-01 22:59:07,493 INFO [supervised student-4x768-pretrained seed2] epoch 24 step 2184 loss 0.0005 (in-sample val: type F1 1.0000, span F1 1.0000) 18.6s
2026-10-01 22:59:26,332 INFO [supervised student-4x768-pretrained seed2] epoch 25 step 2275 loss 0.0002 (in-sample val: type F1 1.0000, span F1 1.0000) 18.7s
2026-10-01 22:59:45,682 INFO [supervised student-4x768-pretrained seed2] epoch 26 step 2366 loss 0.0002 (in-sample val: type F1 1.0000, span F1 1.0000) 19.2s
2026-10-01 23:00:09,321 INFO [supervised student-4x768-pretrained seed2] epoch 27 step 2457 loss 0.0001 (in-sample val: type F1 1.0000, span F1 1.0000) 23.5s
2026-10-01 23:00:29,363 INFO [supervised student-4x768-pretrained seed2] epoch 28 step 2548 loss 0.0002 (in-sample val: type F1 1.0000, span F1 1.0000) 19.8s
2026-10-01 23:00:48,758 INFO [supervised student-4x768-pretrained seed2] epoch 29 step 2639 loss 0.0003 (in-sample val: type F1 1.0000, span F1 1.0000) 19.3s
2026-10-01 23:01:09,111 INFO [supervised student-4x768-pretrained seed2] epoch 30 step 2730 loss 0.0002 (in-sample val: type F1 1.0000, span F1 1.0000) 20.2s
2026-10-01 23:01:28,411 INFO [supervised student-4x768-pretrained seed2] epoch 31 step 2821 loss 0.0002 (in-sample val: type F1 1.0000, span F1 1.0000) 19.2s
2026-10-01 23:01:47,635 INFO [supervised student-4x768-pretrained seed2] epoch 32 step 2912 loss 0.0011 (in-sample val: type F1 1.0000, span F1 1.0000) 19.1s
2026-10-01 23:02:07,255 INFO [supervised student-4x768-pretrained seed2] epoch 33 step 3003 loss 0.0001 (in-sample val: type F1 1.0000, span F1 1.0000) 19.5s
2026-10-01 23:02:27,327 INFO [supervised student-4x768-pretrained seed2] epoch 34 step 3094 loss 0.0001 (in-sample val: type F1 1.0000, span F1 1.0000) 19.9s
2026-10-01 23:02:46,674 INFO [supervised student-4x768-pretrained seed2] epoch 35 step 3185 loss 0.0005 (in-sample val: type F1 1.0000, span F1 1.0000) 19.2s
2026-10-01 23:03:06,035 INFO [supervised student-4x768-pretrained seed2] epoch 36 step 3276 loss 0.0002 (in-sample val: type F1 1.0000, span F1 1.0000) 19.2s
2026-10-01 23:03:24,656 INFO [supervised student-4x768-pretrained seed2] epoch 37 step 3367 loss 0.0009 (in-sample val: type F1 1.0000, span F1 1.0000) 18.5s
2026-10-01 23:03:43,882 INFO [supervised student-4x768-pretrained seed2] epoch 38 step 3458 loss 0.0003 (in-sample val: type F1 1.0000, span F1 1.0000) 19.1s
2026-10-01 23:04:03,707 INFO [supervised student-4x768-pretrained seed2] epoch 39 step 3549 loss 0.0001 (in-sample val: type F1 1.0000, span F1 1.0000) 19.7s
2026-10-01 23:04:21,836 INFO [supervised student-4x768-pretrained seed2] epoch 40 step 3640 loss 0.0001 (in-sample val: type F1 1.0000, span F1 1.0000) 18.0s
2026-10-01 23:04:23,021 WARNING MPS kernels are not bit-reproducible; repeated runs of a seed may differ.
Loading weights:   0%|          | 0/197 [00:00<?, ?it/s]Loading weights:  85%|████████▌ | 168/197 [00:00<00:00, 1657.96it/s]Loading weights: 100%|██████████| 197/197 [00:00<00:00, 1891.84it/s]
[transformers] [1mRobertaModel LOAD REPORT[0m from: Qualcomm-AI-Research/BamiBERT
Key                       | Status     |  | 
--------------------------+------------+--+-
lm_head.decoder.bias      | UNEXPECTED |  | 
lm_head.dense.bias        | UNEXPECTED |  | 
lm_head.dense.weight      | UNEXPECTED |  | 
lm_head.layer_norm.bias   | UNEXPECTED |  | 
lm_head.layer_norm.weight | UNEXPECTED |  | 
lm_head.bias              | UNEXPECTED |  | 

Notes:
- UNEXPECTED:	can be ignored when loading from different task/architecture; not ok if you expect identical arch.
2026-10-01 23:04:29,107 WARNING [1mRobertaModel LOAD REPORT[0m from: Qualcomm-AI-Research/BamiBERT
Key                       | Status     |  | 
--------------------------+------------+--+-
lm_head.decoder.bias      | UNEXPECTED |  | 
lm_head.dense.bias        | UNEXPECTED |  | 
lm_head.dense.weight      | UNEXPECTED |  | 
lm_head.layer_norm.bias   | UNEXPECTED |  | 
lm_head.layer_norm.weight | UNEXPECTED |  | 
lm_head.bias              | UNEXPECTED |  | 

Notes:
- UNEXPECTED:	can be ignored when loading from different task/architecture; not ok if you expect identical arch.
2026-10-01 23:04:49,851 INFO [supervised student-4x768-pretrained seed3] epoch 1 step 91 loss 2.6562 (in-sample val: type F1 0.1158, span F1 0.0000) 19.1s
2026-10-01 23:05:06,577 INFO [supervised student-4x768-pretrained seed3] epoch 2 step 182 loss 2.0251 (in-sample val: type F1 0.7320, span F1 0.0000) 16.6s
2026-10-01 23:05:25,660 INFO [supervised student-4x768-pretrained seed3] epoch 3 step 273 loss 1.2888 (in-sample val: type F1 0.8553, span F1 0.0000) 19.0s
2026-10-01 23:05:45,133 INFO [supervised student-4x768-pretrained seed3] epoch 4 step 364 loss 0.7484 (in-sample val: type F1 0.9117, span F1 0.2785) 19.4s
2026-10-01 23:06:04,455 INFO [supervised student-4x768-pretrained seed3] epoch 5 step 455 loss 0.4734 (in-sample val: type F1 0.9926, span F1 0.5577) 19.2s
2026-10-01 23:06:23,980 INFO [supervised student-4x768-pretrained seed3] epoch 6 step 546 loss 0.2570 (in-sample val: type F1 0.9926, span F1 0.7925) 19.4s
2026-10-01 23:06:43,073 INFO [supervised student-4x768-pretrained seed3] epoch 7 step 637 loss 0.1351 (in-sample val: type F1 1.0000, span F1 0.8807) 19.0s
2026-10-01 23:07:02,172 INFO [supervised student-4x768-pretrained seed3] epoch 8 step 728 loss 0.0881 (in-sample val: type F1 1.0000, span F1 0.9630) 19.0s
2026-10-01 23:07:20,904 INFO [supervised student-4x768-pretrained seed3] epoch 9 step 819 loss 0.0363 (in-sample val: type F1 1.0000, span F1 0.9818) 18.6s
2026-10-01 23:07:40,014 INFO [supervised student-4x768-pretrained seed3] epoch 10 step 910 loss 0.0318 (in-sample val: type F1 1.0000, span F1 1.0000) 19.0s
2026-10-01 23:07:59,419 INFO [supervised student-4x768-pretrained seed3] epoch 11 step 1001 loss 0.0182 (in-sample val: type F1 1.0000, span F1 1.0000) 19.3s
2026-10-01 23:08:19,671 INFO [supervised student-4x768-pretrained seed3] epoch 12 step 1092 loss 0.0204 (in-sample val: type F1 1.0000, span F1 1.0000) 20.1s
2026-10-01 23:08:39,126 INFO [supervised student-4x768-pretrained seed3] epoch 13 step 1183 loss 0.0087 (in-sample val: type F1 1.0000, span F1 1.0000) 19.3s
2026-10-01 23:08:58,481 INFO [supervised student-4x768-pretrained seed3] epoch 14 step 1274 loss 0.0093 (in-sample val: type F1 1.0000, span F1 1.0000) 19.2s
2026-10-01 23:09:17,655 INFO [supervised student-4x768-pretrained seed3] epoch 15 step 1365 loss 0.0047 (in-sample val: type F1 1.0000, span F1 1.0000) 19.1s
2026-10-01 23:09:36,887 INFO [supervised student-4x768-pretrained seed3] epoch 16 step 1456 loss 0.0035 (in-sample val: type F1 1.0000, span F1 1.0000) 19.1s
2026-10-01 23:09:55,858 INFO [supervised student-4x768-pretrained seed3] epoch 17 step 1547 loss 0.0012 (in-sample val: type F1 1.0000, span F1 0.9815) 18.9s
2026-10-01 23:10:15,087 INFO [supervised student-4x768-pretrained seed3] epoch 18 step 1638 loss 0.0065 (in-sample val: type F1 1.0000, span F1 1.0000) 19.1s
2026-10-01 23:10:34,280 INFO [supervised student-4x768-pretrained seed3] epoch 19 step 1729 loss 0.0028 (in-sample val: type F1 1.0000, span F1 1.0000) 19.1s
2026-10-01 23:10:53,433 INFO [supervised student-4x768-pretrained seed3] epoch 20 step 1820 loss 0.0003 (in-sample val: type F1 1.0000, span F1 1.0000) 19.0s
2026-10-01 23:11:12,638 INFO [supervised student-4x768-pretrained seed3] epoch 21 step 1911 loss 0.0008 (in-sample val: type F1 1.0000, span F1 1.0000) 19.1s
2026-10-01 23:11:32,006 INFO [supervised student-4x768-pretrained seed3] epoch 22 step 2002 loss 0.0008 (in-sample val: type F1 1.0000, span F1 1.0000) 19.3s
2026-10-01 23:11:51,131 INFO [supervised student-4x768-pretrained seed3] epoch 23 step 2093 loss 0.0005 (in-sample val: type F1 1.0000, span F1 1.0000) 19.0s
2026-10-01 23:12:10,267 INFO [supervised student-4x768-pretrained seed3] epoch 24 step 2184 loss 0.0022 (in-sample val: type F1 1.0000, span F1 1.0000) 19.0s
2026-10-01 23:12:29,475 INFO [supervised student-4x768-pretrained seed3] epoch 25 step 2275 loss 0.0018 (in-sample val: type F1 1.0000, span F1 1.0000) 19.1s
2026-10-01 23:12:48,156 INFO [supervised student-4x768-pretrained seed3] epoch 26 step 2366 loss 0.0002 (in-sample val: type F1 1.0000, span F1 1.0000) 18.6s
2026-10-01 23:13:07,585 INFO [supervised student-4x768-pretrained seed3] epoch 27 step 2457 loss 0.0004 (in-sample val: type F1 1.0000, span F1 1.0000) 19.3s
2026-10-01 23:13:26,573 INFO [supervised student-4x768-pretrained seed3] epoch 28 step 2548 loss 0.0009 (in-sample val: type F1 1.0000, span F1 1.0000) 18.9s
2026-10-01 23:13:46,078 INFO [supervised student-4x768-pretrained seed3] epoch 29 step 2639 loss 0.0002 (in-sample val: type F1 1.0000, span F1 1.0000) 19.4s
2026-10-01 23:14:05,061 INFO [supervised student-4x768-pretrained seed3] epoch 30 step 2730 loss 0.0006 (in-sample val: type F1 1.0000, span F1 1.0000) 18.9s
2026-10-01 23:14:24,047 INFO [supervised student-4x768-pretrained seed3] epoch 31 step 2821 loss 0.0002 (in-sample val: type F1 1.0000, span F1 1.0000) 18.9s
2026-10-01 23:14:43,453 INFO [supervised student-4x768-pretrained seed3] epoch 32 step 2912 loss 0.0002 (in-sample val: type F1 1.0000, span F1 1.0000) 19.3s
2026-10-01 23:15:02,672 INFO [supervised student-4x768-pretrained seed3] epoch 33 step 3003 loss 0.0002 (in-sample val: type F1 1.0000, span F1 1.0000) 19.2s
2026-10-01 23:15:21,824 INFO [supervised student-4x768-pretrained seed3] epoch 34 step 3094 loss 0.0001 (in-sample val: type F1 1.0000, span F1 1.0000) 19.0s
2026-10-01 23:15:40,589 INFO [supervised student-4x768-pretrained seed3] epoch 35 step 3185 loss 0.0001 (in-sample val: type F1 1.0000, span F1 1.0000) 18.7s
2026-10-01 23:16:00,189 INFO [supervised student-4x768-pretrained seed3] epoch 36 step 3276 loss 0.0001 (in-sample val: type F1 1.0000, span F1 1.0000) 19.5s
2026-10-01 23:16:19,411 INFO [supervised student-4x768-pretrained seed3] epoch 37 step 3367 loss 0.0001 (in-sample val: type F1 1.0000, span F1 1.0000) 19.1s
2026-10-01 23:16:38,814 INFO [supervised student-4x768-pretrained seed3] epoch 38 step 3458 loss 0.0003 (in-sample val: type F1 1.0000, span F1 1.0000) 19.3s
2026-10-01 23:16:58,014 INFO [supervised student-4x768-pretrained seed3] epoch 39 step 3549 loss 0.0012 (in-sample val: type F1 1.0000, span F1 1.0000) 19.1s
2026-10-01 23:17:13,175 INFO [supervised student-4x768-pretrained seed3] epoch 40 step 3640 loss 0.0002 (in-sample val: type F1 1.0000, span F1 1.0000) 15.1s
[
  {
    "arm": "supervised",
    "variant": "student-4x768-pretrained",
    "seed": 1,
    "kd": {
      "temperature": 2.0,
      "alpha_hard": 1.0,
      "type_weight": 1.0,
      "span_weight": 1.0
    },
    "final_epoch": 40,
    "test_type_macro_f1": 0.9260079231054463,
    "test_span_f1": 0.7692307692307692,
    "param_count": 45666059,
    "param_bytes_fp32": 182664236,
    "steps": 3640,
    "device": "mps",
    "wall_time_sec": 783.5031038338784,
    "train_time_sec": 778.0119943730533,
    "sec_per_epoch": 19.450299859326332,
    "train_examples_per_sec": 37.17166343085064,
    "checkpoint_path": "models/distillation-v2/supervised/student-4x768-pretrained/seed1"
  },
  {
    "arm": "supervised",
    "variant": "student-4x768-pretrained",
    "seed": 2,
    "kd": {
      "temperature": 2.0,
      "alpha_hard": 1.0,
      "type_weight": 1.0,
      "span_weight": 1.0
    },
    "final_epoch": 40,
    "test_type_macro_f1": 0.9357325605680868,
    "test_span_f1": 0.854368932038835,
    "param_count": 45666059,
    "param_bytes_fp32": 182664236,
    "steps": 3640,
    "device": "mps",
    "wall_time_sec": 771.5735613340512,
    "train_time_sec": 766.7122885463759,
    "sec_per_epoch": 19.167807213659398,
    "train_examples_per_sec": 37.719494564029965,
    "checkpoint_path": "models/distillation-v2/supervised/student-4x768-pretrained/seed2"
  },
  {
    "arm": "supervised",
    "variant": "student-4x768-pretrained",
    "seed": 3,
    "kd": {
      "temperature": 2.0,
      "alpha_hard": 1.0,
      "type_weight": 1.0,
      "span_weight": 1.0
    },
    "final_epoch": 40,
    "test_type_macro_f1": 0.9218985505750212,
    "test_span_f1": 0.8653846153846154,
    "param_count": 45666059,
    "param_bytes_fp32": 182664236,
    "steps": 3640,
    "device": "mps",
    "wall_time_sec": 762.6957485841122,
    "train_time_sec": 758.1923854586203,
    "sec_per_epoch": 18.954809636465505,
    "train_examples_per_sec": 38.1433532631783,
    "checkpoint_path": "models/distillation-v2/supervised/student-4x768-pretrained/seed3"
  }
]
