2026-10-03 12:00:25,109 WARNING MPS kernels are not bit-reproducible; repeated runs of a seed may differ.
2026-10-03 12:00:27,948 INFO [value-head seed1] epoch 1 step 112 value loss 0.9624 val: loss 0.8265 exact 0.0137 1.4s
2026-10-03 12:00:29,328 INFO [value-head seed1] epoch 2 step 224 value loss 0.7452 val: loss 0.6852 exact 0.0205 1.3s
2026-10-03 12:00:30,618 INFO [value-head seed1] epoch 3 step 336 value loss 0.6331 val: loss 0.5877 exact 0.0411 1.2s
2026-10-03 12:00:32,042 INFO [value-head seed1] epoch 4 step 448 value loss 0.5473 val: loss 0.5191 exact 0.1370 1.3s
2026-10-03 12:00:33,299 INFO [value-head seed1] epoch 5 step 560 value loss 0.4752 val: loss 0.4407 exact 0.1644 1.1s
2026-10-03 12:00:34,552 INFO [value-head seed1] epoch 6 step 672 value loss 0.4215 val: loss 0.3945 exact 0.3425 1.2s
2026-10-03 12:00:35,761 INFO [value-head seed1] epoch 7 step 784 value loss 0.3843 val: loss 0.3601 exact 0.4658 1.1s
2026-10-03 12:00:36,535 INFO [value-head seed1] epoch 8 step 896 value loss 0.3541 val: loss 0.3384 exact 0.3562 0.6s
2026-10-03 12:00:37,955 INFO [value-head seed1] epoch 9 step 1008 value loss 0.3315 val: loss 0.3169 exact 0.6164 1.3s
2026-10-03 12:00:39,332 INFO [value-head seed1] epoch 10 step 1120 value loss 0.3139 val: loss 0.2977 exact 0.5274 1.3s
2026-10-03 12:00:40,667 INFO [value-head seed1] epoch 11 step 1232 value loss 0.2998 val: loss 0.2857 exact 0.6164 1.2s
2026-10-03 12:00:41,996 INFO [value-head seed1] epoch 12 step 1344 value loss 0.2865 val: loss 0.2727 exact 0.5685 1.2s
2026-10-03 12:00:43,453 INFO [value-head seed1] epoch 13 step 1456 value loss 0.2761 val: loss 0.2611 exact 0.6438 1.3s
2026-10-03 12:00:44,805 INFO [value-head seed1] epoch 14 step 1568 value loss 0.2669 val: loss 0.2515 exact 0.6849 1.2s
2026-10-03 12:00:46,044 INFO [value-head seed1] epoch 15 step 1680 value loss 0.2591 val: loss 0.2448 exact 0.6918 1.1s
2026-10-03 12:00:47,425 INFO [value-head seed1] epoch 16 step 1792 value loss 0.2517 val: loss 0.2399 exact 0.6986 1.3s
2026-10-03 12:00:48,657 INFO [value-head seed1] epoch 17 step 1904 value loss 0.2454 val: loss 0.2347 exact 0.7260 1.1s
2026-10-03 12:00:49,925 INFO [value-head seed1] epoch 18 step 2016 value loss 0.2393 val: loss 0.2265 exact 0.7534 1.1s
2026-10-03 12:00:51,406 INFO [value-head seed1] epoch 19 step 2128 value loss 0.2335 val: loss 0.2229 exact 0.7192 1.4s
2026-10-03 12:00:52,734 INFO [value-head seed1] epoch 20 step 2240 value loss 0.2306 val: loss 0.2188 exact 0.7260 1.2s
2026-10-03 12:00:53,842 INFO [value-head seed1] epoch 21 step 2352 value loss 0.2244 val: loss 0.2134 exact 0.7192 1.0s
2026-10-03 12:00:55,016 INFO [value-head seed1] epoch 22 step 2464 value loss 0.2216 val: loss 0.2120 exact 0.7671 1.1s
2026-10-03 12:00:56,281 INFO [value-head seed1] epoch 23 step 2576 value loss 0.2190 val: loss 0.2072 exact 0.7671 1.1s
2026-10-03 12:00:57,594 INFO [value-head seed1] epoch 24 step 2688 value loss 0.2157 val: loss 0.2041 exact 0.7808 1.2s
2026-10-03 12:00:58,923 INFO [value-head seed1] epoch 25 step 2800 value loss 0.2127 val: loss 0.2035 exact 0.7945 1.2s
2026-10-03 12:01:00,225 INFO [value-head seed1] epoch 26 step 2912 value loss 0.2101 val: loss 0.1995 exact 0.7945 1.2s
2026-10-03 12:01:01,454 INFO [value-head seed1] epoch 27 step 3024 value loss 0.2076 val: loss 0.2015 exact 0.7877 1.1s
2026-10-03 12:01:02,279 INFO [value-head seed1] epoch 28 step 3136 value loss 0.2053 val: loss 0.1957 exact 0.7945 0.7s
2026-10-03 12:01:02,935 INFO [value-head seed1] epoch 29 step 3248 value loss 0.2031 val: loss 0.1954 exact 0.7808 0.6s
2026-10-03 12:01:03,590 INFO [value-head seed1] epoch 30 step 3360 value loss 0.2022 val: loss 0.1920 exact 0.7671 0.6s
2026-10-03 12:01:04,287 INFO [value-head seed1] epoch 31 step 3472 value loss 0.1999 val: loss 0.1936 exact 0.8082 0.6s
2026-10-03 12:01:05,028 INFO [value-head seed1] epoch 32 step 3584 value loss 0.1985 val: loss 0.1883 exact 0.7671 0.7s
2026-10-03 12:01:05,765 INFO [value-head seed1] epoch 33 step 3696 value loss 0.1975 val: loss 0.1892 exact 0.8014 0.6s
2026-10-03 12:01:06,771 INFO [value-head seed1] epoch 34 step 3808 value loss 0.1961 val: loss 0.1880 exact 0.7945 0.9s
2026-10-03 12:01:07,972 INFO [value-head seed1] epoch 35 step 3920 value loss 0.1959 val: loss 0.1865 exact 0.8014 1.1s
2026-10-03 12:01:09,175 INFO [value-head seed1] epoch 36 step 4032 value loss 0.1951 val: loss 0.1862 exact 0.8014 1.1s
2026-10-03 12:01:10,377 INFO [value-head seed1] epoch 37 step 4144 value loss 0.1925 val: loss 0.1857 exact 0.8082 1.1s
2026-10-03 12:01:11,677 INFO [value-head seed1] epoch 38 step 4256 value loss 0.1937 val: loss 0.1852 exact 0.8014 1.2s
2026-10-03 12:01:12,930 INFO [value-head seed1] epoch 39 step 4368 value loss 0.1921 val: loss 0.1852 exact 0.8014 1.1s
2026-10-03 12:01:14,143 INFO [value-head seed1] epoch 40 step 4480 value loss 0.1924 val: loss 0.1851 exact 0.8014 1.1s
2026-10-03 12:01:14,501 WARNING MPS kernels are not bit-reproducible; repeated runs of a seed may differ.
2026-10-03 12:01:16,638 INFO [value-head seed2] epoch 1 step 112 value loss 1.0176 val: loss 0.8494 exact 0.0137 1.4s
2026-10-03 12:01:17,826 INFO [value-head seed2] epoch 2 step 224 value loss 0.7610 val: loss 0.6917 exact 0.0137 1.1s
2026-10-03 12:01:18,763 INFO [value-head seed2] epoch 3 step 336 value loss 0.6404 val: loss 0.6054 exact 0.0685 0.8s
2026-10-03 12:01:19,467 INFO [value-head seed2] epoch 4 step 448 value loss 0.5540 val: loss 0.5107 exact 0.0890 0.6s
2026-10-03 12:01:20,177 INFO [value-head seed2] epoch 5 step 560 value loss 0.4786 val: loss 0.4451 exact 0.1918 0.6s
2026-10-03 12:01:20,852 INFO [value-head seed2] epoch 6 step 672 value loss 0.4259 val: loss 0.3976 exact 0.3356 0.6s
2026-10-03 12:01:21,516 INFO [value-head seed2] epoch 7 step 784 value loss 0.3860 val: loss 0.3688 exact 0.2740 0.6s
2026-10-03 12:01:22,729 INFO [value-head seed2] epoch 8 step 896 value loss 0.3567 val: loss 0.3428 exact 0.5753 1.1s
2026-10-03 12:01:23,876 INFO [value-head seed2] epoch 9 step 1008 value loss 0.3346 val: loss 0.3173 exact 0.4795 1.0s
2026-10-03 12:01:25,189 INFO [value-head seed2] epoch 10 step 1120 value loss 0.3167 val: loss 0.3029 exact 0.5753 1.2s
2026-10-03 12:01:26,339 INFO [value-head seed2] epoch 11 step 1232 value loss 0.3009 val: loss 0.2870 exact 0.4863 1.0s
2026-10-03 12:01:27,692 INFO [value-head seed2] epoch 12 step 1344 value loss 0.2886 val: loss 0.2734 exact 0.6370 1.2s
2026-10-03 12:01:28,938 INFO [value-head seed2] epoch 13 step 1456 value loss 0.2777 val: loss 0.2623 exact 0.6575 1.1s
2026-10-03 12:01:30,114 INFO [value-head seed2] epoch 14 step 1568 value loss 0.2687 val: loss 0.2546 exact 0.6644 1.1s
2026-10-03 12:01:30,912 INFO [value-head seed2] epoch 15 step 1680 value loss 0.2602 val: loss 0.2485 exact 0.6849 0.7s
2026-10-03 12:01:31,674 INFO [value-head seed2] epoch 16 step 1792 value loss 0.2529 val: loss 0.2425 exact 0.7123 0.7s
2026-10-03 12:01:32,477 INFO [value-head seed2] epoch 17 step 1904 value loss 0.2463 val: loss 0.2334 exact 0.7329 0.7s
2026-10-03 12:01:33,534 INFO [value-head seed2] epoch 18 step 2016 value loss 0.2397 val: loss 0.2295 exact 0.7123 0.9s
2026-10-03 12:01:34,840 INFO [value-head seed2] epoch 19 step 2128 value loss 0.2363 val: loss 0.2247 exact 0.7192 1.2s
2026-10-03 12:01:36,174 INFO [value-head seed2] epoch 20 step 2240 value loss 0.2295 val: loss 0.2192 exact 0.6986 1.2s
2026-10-03 12:01:37,565 INFO [value-head seed2] epoch 21 step 2352 value loss 0.2263 val: loss 0.2168 exact 0.7123 1.3s
2026-10-03 12:01:39,045 INFO [value-head seed2] epoch 22 step 2464 value loss 0.2233 val: loss 0.2116 exact 0.7466 1.4s
2026-10-03 12:01:40,457 INFO [value-head seed2] epoch 23 step 2576 value loss 0.2197 val: loss 0.2083 exact 0.7671 1.3s
2026-10-03 12:01:41,769 INFO [value-head seed2] epoch 24 step 2688 value loss 0.2163 val: loss 0.2074 exact 0.7877 1.2s
2026-10-03 12:01:42,873 INFO [value-head seed2] epoch 25 step 2800 value loss 0.2135 val: loss 0.2031 exact 0.7603 1.0s
2026-10-03 12:01:43,678 INFO [value-head seed2] epoch 26 step 2912 value loss 0.2107 val: loss 0.2049 exact 0.7740 0.7s
2026-10-03 12:01:44,460 INFO [value-head seed2] epoch 27 step 3024 value loss 0.2081 val: loss 0.1986 exact 0.7877 0.7s
2026-10-03 12:01:45,257 INFO [value-head seed2] epoch 28 step 3136 value loss 0.2057 val: loss 0.1984 exact 0.7671 0.7s
2026-10-03 12:01:46,725 INFO [value-head seed2] epoch 29 step 3248 value loss 0.2046 val: loss 0.1946 exact 0.7534 1.3s
2026-10-03 12:01:47,993 INFO [value-head seed2] epoch 30 step 3360 value loss 0.2022 val: loss 0.1966 exact 0.8014 1.1s
2026-10-03 12:01:49,408 INFO [value-head seed2] epoch 31 step 3472 value loss 0.2005 val: loss 0.1905 exact 0.7603 1.3s
2026-10-03 12:01:50,804 INFO [value-head seed2] epoch 32 step 3584 value loss 0.1993 val: loss 0.1914 exact 0.8082 1.3s
2026-10-03 12:01:51,600 INFO [value-head seed2] epoch 33 step 3696 value loss 0.1978 val: loss 0.1899 exact 0.8082 0.7s
2026-10-03 12:01:52,279 INFO [value-head seed2] epoch 34 step 3808 value loss 0.1975 val: loss 0.1884 exact 0.8014 0.6s
2026-10-03 12:01:52,967 INFO [value-head seed2] epoch 35 step 3920 value loss 0.1965 val: loss 0.1877 exact 0.8082 0.6s
2026-10-03 12:01:53,644 INFO [value-head seed2] epoch 36 step 4032 value loss 0.1937 val: loss 0.1873 exact 0.8151 0.6s
2026-10-03 12:01:54,312 INFO [value-head seed2] epoch 37 step 4144 value loss 0.1948 val: loss 0.1864 exact 0.8014 0.6s
2026-10-03 12:01:55,021 INFO [value-head seed2] epoch 38 step 4256 value loss 0.1932 val: loss 0.1864 exact 0.7945 0.6s
2026-10-03 12:01:55,694 INFO [value-head seed2] epoch 39 step 4368 value loss 0.1933 val: loss 0.1862 exact 0.7945 0.6s
2026-10-03 12:01:56,402 INFO [value-head seed2] epoch 40 step 4480 value loss 0.1934 val: loss 0.1862 exact 0.7945 0.6s
2026-10-03 12:01:56,618 WARNING MPS kernels are not bit-reproducible; repeated runs of a seed may differ.
2026-10-03 12:01:57,893 INFO [value-head seed3] epoch 1 step 112 value loss 0.9764 val: loss 0.8339 exact 0.0137 0.7s
2026-10-03 12:01:58,570 INFO [value-head seed3] epoch 2 step 224 value loss 0.7536 val: loss 0.6933 exact 0.0205 0.6s
2026-10-03 12:01:59,254 INFO [value-head seed3] epoch 3 step 336 value loss 0.6397 val: loss 0.5952 exact 0.0411 0.6s
2026-10-03 12:01:59,965 INFO [value-head seed3] epoch 4 step 448 value loss 0.5527 val: loss 0.5099 exact 0.1164 0.6s
2026-10-03 12:02:00,728 INFO [value-head seed3] epoch 5 step 560 value loss 0.4789 val: loss 0.4428 exact 0.2123 0.6s
2026-10-03 12:02:01,496 INFO [value-head seed3] epoch 6 step 672 value loss 0.4240 val: loss 0.4022 exact 0.2055 0.7s
2026-10-03 12:02:02,365 INFO [value-head seed3] epoch 7 step 784 value loss 0.3854 val: loss 0.3696 exact 0.5342 0.8s
2026-10-03 12:02:03,066 INFO [value-head seed3] epoch 8 step 896 value loss 0.3570 val: loss 0.3370 exact 0.4247 0.6s
2026-10-03 12:02:03,760 INFO [value-head seed3] epoch 9 step 1008 value loss 0.3347 val: loss 0.3189 exact 0.5479 0.6s
2026-10-03 12:02:04,483 INFO [value-head seed3] epoch 10 step 1120 value loss 0.3155 val: loss 0.3005 exact 0.4726 0.6s
2026-10-03 12:02:05,238 INFO [value-head seed3] epoch 11 step 1232 value loss 0.3010 val: loss 0.2847 exact 0.6164 0.7s
2026-10-03 12:02:06,120 INFO [value-head seed3] epoch 12 step 1344 value loss 0.2882 val: loss 0.2715 exact 0.6164 0.8s
2026-10-03 12:02:06,826 INFO [value-head seed3] epoch 13 step 1456 value loss 0.2777 val: loss 0.2627 exact 0.6507 0.6s
2026-10-03 12:02:07,564 INFO [value-head seed3] epoch 14 step 1568 value loss 0.2680 val: loss 0.2556 exact 0.6644 0.7s
2026-10-03 12:02:08,260 INFO [value-head seed3] epoch 15 step 1680 value loss 0.2597 val: loss 0.2485 exact 0.6781 0.6s
2026-10-03 12:02:09,041 INFO [value-head seed3] epoch 16 step 1792 value loss 0.2523 val: loss 0.2386 exact 0.7123 0.7s
2026-10-03 12:02:09,731 INFO [value-head seed3] epoch 17 step 1904 value loss 0.2450 val: loss 0.2342 exact 0.6986 0.6s
2026-10-03 12:02:10,458 INFO [value-head seed3] epoch 18 step 2016 value loss 0.2411 val: loss 0.2288 exact 0.6986 0.6s
2026-10-03 12:02:11,159 INFO [value-head seed3] epoch 19 step 2128 value loss 0.2337 val: loss 0.2227 exact 0.6986 0.6s
2026-10-03 12:02:11,857 INFO [value-head seed3] epoch 20 step 2240 value loss 0.2302 val: loss 0.2202 exact 0.6918 0.6s
2026-10-03 12:02:12,646 INFO [value-head seed3] epoch 21 step 2352 value loss 0.2268 val: loss 0.2143 exact 0.7466 0.7s
2026-10-03 12:02:13,342 INFO [value-head seed3] epoch 22 step 2464 value loss 0.2227 val: loss 0.2107 exact 0.7603 0.6s
2026-10-03 12:02:14,167 INFO [value-head seed3] epoch 23 step 2576 value loss 0.2192 val: loss 0.2094 exact 0.7808 0.7s
2026-10-03 12:02:14,928 INFO [value-head seed3] epoch 24 step 2688 value loss 0.2161 val: loss 0.2051 exact 0.7466 0.6s
2026-10-03 12:02:15,611 INFO [value-head seed3] epoch 25 step 2800 value loss 0.2131 val: loss 0.2067 exact 0.7740 0.6s
2026-10-03 12:02:16,286 INFO [value-head seed3] epoch 26 step 2912 value loss 0.2102 val: loss 0.2001 exact 0.7808 0.6s
2026-10-03 12:02:17,070 INFO [value-head seed3] epoch 27 step 3024 value loss 0.2076 val: loss 0.1997 exact 0.7740 0.7s
2026-10-03 12:02:17,819 INFO [value-head seed3] epoch 28 step 3136 value loss 0.2064 val: loss 0.1956 exact 0.7534 0.7s
2026-10-03 12:02:18,520 INFO [value-head seed3] epoch 29 step 3248 value loss 0.2037 val: loss 0.1978 exact 0.8082 0.6s
2026-10-03 12:02:19,459 INFO [value-head seed3] epoch 30 step 3360 value loss 0.2019 val: loss 0.1910 exact 0.7603 0.9s
2026-10-03 12:02:20,148 INFO [value-head seed3] epoch 31 step 3472 value loss 0.2005 val: loss 0.1921 exact 0.7945 0.6s
2026-10-03 12:02:20,848 INFO [value-head seed3] epoch 32 step 3584 value loss 0.1988 val: loss 0.1903 exact 0.8014 0.6s
2026-10-03 12:02:21,832 INFO [value-head seed3] epoch 33 step 3696 value loss 0.1984 val: loss 0.1887 exact 0.7877 0.9s
2026-10-03 12:02:22,585 INFO [value-head seed3] epoch 34 step 3808 value loss 0.1972 val: loss 0.1877 exact 0.8082 0.6s
2026-10-03 12:02:23,314 INFO [value-head seed3] epoch 35 step 3920 value loss 0.1943 val: loss 0.1873 exact 0.8082 0.6s
2026-10-03 12:02:24,008 INFO [value-head seed3] epoch 36 step 4032 value loss 0.1953 val: loss 0.1861 exact 0.7945 0.6s
2026-10-03 12:02:24,815 INFO [value-head seed3] epoch 37 step 4144 value loss 0.1935 val: loss 0.1860 exact 0.7945 0.7s
2026-10-03 12:02:25,515 INFO [value-head seed3] epoch 38 step 4256 value loss 0.1935 val: loss 0.1857 exact 0.7945 0.6s
2026-10-03 12:02:26,224 INFO [value-head seed3] epoch 39 step 4368 value loss 0.1935 val: loss 0.1854 exact 0.7945 0.6s
2026-10-03 12:02:26,992 INFO [value-head seed3] epoch 40 step 4480 value loss 0.1933 val: loss 0.1854 exact 0.7945 0.7s
[
  {
    "seed": 1,
    "final_epoch": 40,
    "final_train_value_loss": 0.1924390963145665,
    "steps": 4480,
    "device": "mps",
    "wall_time_sec": 48.2325393341016,
    "frozen_state_sha256": "705488d3c2e70709811eff74bca96061372aa2ce37cac5efe1b318198dadc72c",
    "checkpoint_path": "models/value-span-v3-frozen-v1/seed1"
  },
  {
    "seed": 2,
    "final_epoch": 40,
    "final_train_value_loss": 0.19342848232814244,
    "steps": 4480,
    "device": "mps",
    "wall_time_sec": 41.39602187485434,
    "frozen_state_sha256": "705488d3c2e70709811eff74bca96061372aa2ce37cac5efe1b318198dadc72c",
    "checkpoint_path": "models/value-span-v3-frozen-v1/seed2"
  },
  {
    "seed": 3,
    "final_epoch": 40,
    "final_train_value_loss": 0.1933466706957136,
    "steps": 4480,
    "device": "mps",
    "wall_time_sec": 29.969759083120152,
    "frozen_state_sha256": "705488d3c2e70709811eff74bca96061372aa2ce37cac5efe1b318198dadc72c",
    "checkpoint_path": "models/value-span-v3-frozen-v1/seed3"
  }
]
