2026-10-02 00:09:15,704 WARNING MPS kernels are not bit-reproducible; repeated runs of a seed may differ.
Warning: You are sending unauthenticated requests to the HF Hub. Please set a HF_TOKEN to enable higher rate limits and faster downloads.
2026-10-02 00:09:16,133 WARNING Warning: You are sending unauthenticated requests to the HF Hub. Please set a HF_TOKEN to enable higher rate limits and faster downloads.
Loading weights:   0%|          | 0/197 [00:00<?, ?it/s]Loading weights: 100%|██████████| 197/197 [00:00<00:00, 12249.86it/s]
[transformers] [1mRobertaModel LOAD REPORT[0m from: Qualcomm-AI-Research/BamiBERT
Key                       | Status     |  | 
--------------------------+------------+--+-
lm_head.layer_norm.bias   | UNEXPECTED |  | 
lm_head.layer_norm.weight | UNEXPECTED |  | 
lm_head.decoder.bias      | UNEXPECTED |  | 
lm_head.dense.weight      | UNEXPECTED |  | 
lm_head.dense.bias        | UNEXPECTED |  | 
lm_head.bias              | UNEXPECTED |  | 

Notes:
- UNEXPECTED:	can be ignored when loading from different task/architecture; not ok if you expect identical arch.
2026-10-02 00:09:17,086 WARNING [1mRobertaModel LOAD REPORT[0m from: Qualcomm-AI-Research/BamiBERT
Key                       | Status     |  | 
--------------------------+------------+--+-
lm_head.layer_norm.bias   | UNEXPECTED |  | 
lm_head.layer_norm.weight | UNEXPECTED |  | 
lm_head.decoder.bias      | UNEXPECTED |  | 
lm_head.dense.weight      | UNEXPECTED |  | 
lm_head.dense.bias        | UNEXPECTED |  | 
lm_head.bias              | UNEXPECTED |  | 

Notes:
- UNEXPECTED:	can be ignored when loading from different task/architecture; not ok if you expect identical arch.
/Users/8bu/Projects/gidi/.venv/lib/python3.12/site-packages/torch/autograd/graph.py:1072: UserWarning: index_put_with_accumulate_mps does not have a deterministic implementation, but you set 'torch.use_deterministic_algorithms(True, warn_only=True)'. You can file an issue at https://github.com/pytorch/pytorch/issues to help us prioritize adding deterministic support for this operation. (Triggered internally at /Users/runner/work/pytorch/pytorch/aten/src/ATen/Context.cpp:190.)
  return Variable._execution_engine.run_backward(  # Calls into the C++ engine to run the backward pass
2026-10-02 00:09:34,873 INFO [supervised student-4x768-pretrained-pos32-vocab-B-rank-8000 seed2] epoch 1 step 91 loss 2.6491 (in-sample val: type F1 0.2071, span F1 0.0000) 15.5s
2026-10-02 00:09:50,315 INFO [supervised student-4x768-pretrained-pos32-vocab-B-rank-8000 seed2] epoch 2 step 182 loss 2.0136 (in-sample val: type F1 0.5878, span F1 0.0000) 15.4s
2026-10-02 00:10:05,528 INFO [supervised student-4x768-pretrained-pos32-vocab-B-rank-8000 seed2] epoch 3 step 273 loss 1.1855 (in-sample val: type F1 0.9305, span F1 0.0345) 15.1s
2026-10-02 00:10:20,939 INFO [supervised student-4x768-pretrained-pos32-vocab-B-rank-8000 seed2] epoch 4 step 364 loss 0.7362 (in-sample val: type F1 0.9841, span F1 0.3614) 15.3s
2026-10-02 00:10:36,201 INFO [supervised student-4x768-pretrained-pos32-vocab-B-rank-8000 seed2] epoch 5 step 455 loss 0.4498 (in-sample val: type F1 0.9754, span F1 0.5057) 15.2s
2026-10-02 00:10:51,746 INFO [supervised student-4x768-pretrained-pos32-vocab-B-rank-8000 seed2] epoch 6 step 546 loss 0.2645 (in-sample val: type F1 0.9722, span F1 0.7857) 15.5s
2026-10-02 00:11:07,212 INFO [supervised student-4x768-pretrained-pos32-vocab-B-rank-8000 seed2] epoch 7 step 637 loss 0.1553 (in-sample val: type F1 1.0000, span F1 0.8440) 15.4s
2026-10-02 00:11:22,585 INFO [supervised student-4x768-pretrained-pos32-vocab-B-rank-8000 seed2] epoch 8 step 728 loss 0.0842 (in-sample val: type F1 1.0000, span F1 0.9524) 15.3s
2026-10-02 00:11:37,958 INFO [supervised student-4x768-pretrained-pos32-vocab-B-rank-8000 seed2] epoch 9 step 819 loss 0.0491 (in-sample val: type F1 1.0000, span F1 0.9908) 15.3s
2026-10-02 00:11:53,445 INFO [supervised student-4x768-pretrained-pos32-vocab-B-rank-8000 seed2] epoch 10 step 910 loss 0.0252 (in-sample val: type F1 1.0000, span F1 0.9630) 15.4s
2026-10-02 00:12:09,058 INFO [supervised student-4x768-pretrained-pos32-vocab-B-rank-8000 seed2] epoch 11 step 1001 loss 0.0262 (in-sample val: type F1 1.0000, span F1 0.9815) 15.6s
2026-10-02 00:12:24,579 INFO [supervised student-4x768-pretrained-pos32-vocab-B-rank-8000 seed2] epoch 12 step 1092 loss 0.0081 (in-sample val: type F1 1.0000, span F1 0.9815) 15.4s
2026-10-02 00:12:40,057 INFO [supervised student-4x768-pretrained-pos32-vocab-B-rank-8000 seed2] epoch 13 step 1183 loss 0.0050 (in-sample val: type F1 1.0000, span F1 1.0000) 15.4s
2026-10-02 00:12:55,651 INFO [supervised student-4x768-pretrained-pos32-vocab-B-rank-8000 seed2] epoch 14 step 1274 loss 0.0048 (in-sample val: type F1 1.0000, span F1 0.9907) 15.5s
2026-10-02 00:13:11,194 INFO [supervised student-4x768-pretrained-pos32-vocab-B-rank-8000 seed2] epoch 15 step 1365 loss 0.0067 (in-sample val: type F1 1.0000, span F1 1.0000) 15.4s
2026-10-02 00:13:26,850 INFO [supervised student-4x768-pretrained-pos32-vocab-B-rank-8000 seed2] epoch 16 step 1456 loss 0.0037 (in-sample val: type F1 1.0000, span F1 1.0000) 15.6s
2026-10-02 00:13:42,166 INFO [supervised student-4x768-pretrained-pos32-vocab-B-rank-8000 seed2] epoch 17 step 1547 loss 0.0022 (in-sample val: type F1 1.0000, span F1 1.0000) 15.2s
2026-10-02 00:13:57,494 INFO [supervised student-4x768-pretrained-pos32-vocab-B-rank-8000 seed2] epoch 18 step 1638 loss 0.0017 (in-sample val: type F1 1.0000, span F1 1.0000) 15.2s
2026-10-02 00:14:13,106 INFO [supervised student-4x768-pretrained-pos32-vocab-B-rank-8000 seed2] epoch 19 step 1729 loss 0.0022 (in-sample val: type F1 1.0000, span F1 1.0000) 15.5s
2026-10-02 00:14:28,226 INFO [supervised student-4x768-pretrained-pos32-vocab-B-rank-8000 seed2] epoch 20 step 1820 loss 0.0064 (in-sample val: type F1 1.0000, span F1 1.0000) 15.0s
2026-10-02 00:14:43,699 INFO [supervised student-4x768-pretrained-pos32-vocab-B-rank-8000 seed2] epoch 21 step 1911 loss 0.0073 (in-sample val: type F1 1.0000, span F1 1.0000) 15.4s
2026-10-02 00:14:59,493 INFO [supervised student-4x768-pretrained-pos32-vocab-B-rank-8000 seed2] epoch 22 step 2002 loss 0.0014 (in-sample val: type F1 1.0000, span F1 1.0000) 15.7s
2026-10-02 00:15:15,081 INFO [supervised student-4x768-pretrained-pos32-vocab-B-rank-8000 seed2] epoch 23 step 2093 loss 0.0009 (in-sample val: type F1 1.0000, span F1 1.0000) 15.5s
2026-10-02 00:15:30,705 INFO [supervised student-4x768-pretrained-pos32-vocab-B-rank-8000 seed2] epoch 24 step 2184 loss 0.0004 (in-sample val: type F1 1.0000, span F1 1.0000) 15.5s
2026-10-02 00:15:46,405 INFO [supervised student-4x768-pretrained-pos32-vocab-B-rank-8000 seed2] epoch 25 step 2275 loss 0.0002 (in-sample val: type F1 1.0000, span F1 1.0000) 15.6s
2026-10-02 00:16:01,960 INFO [supervised student-4x768-pretrained-pos32-vocab-B-rank-8000 seed2] epoch 26 step 2366 loss 0.0002 (in-sample val: type F1 1.0000, span F1 1.0000) 15.5s
2026-10-02 00:16:17,082 INFO [supervised student-4x768-pretrained-pos32-vocab-B-rank-8000 seed2] epoch 27 step 2457 loss 0.0001 (in-sample val: type F1 1.0000, span F1 1.0000) 15.0s
2026-10-02 00:16:32,392 INFO [supervised student-4x768-pretrained-pos32-vocab-B-rank-8000 seed2] epoch 28 step 2548 loss 0.0002 (in-sample val: type F1 1.0000, span F1 1.0000) 15.2s
2026-10-02 00:16:47,362 INFO [supervised student-4x768-pretrained-pos32-vocab-B-rank-8000 seed2] epoch 29 step 2639 loss 0.0003 (in-sample val: type F1 1.0000, span F1 1.0000) 14.9s
2026-10-02 00:17:02,782 INFO [supervised student-4x768-pretrained-pos32-vocab-B-rank-8000 seed2] epoch 30 step 2730 loss 0.0002 (in-sample val: type F1 1.0000, span F1 1.0000) 15.3s
2026-10-02 00:17:18,194 INFO [supervised student-4x768-pretrained-pos32-vocab-B-rank-8000 seed2] epoch 31 step 2821 loss 0.0002 (in-sample val: type F1 1.0000, span F1 1.0000) 15.3s
2026-10-02 00:17:33,691 INFO [supervised student-4x768-pretrained-pos32-vocab-B-rank-8000 seed2] epoch 32 step 2912 loss 0.0011 (in-sample val: type F1 1.0000, span F1 1.0000) 15.4s
2026-10-02 00:17:49,045 INFO [supervised student-4x768-pretrained-pos32-vocab-B-rank-8000 seed2] epoch 33 step 3003 loss 0.0001 (in-sample val: type F1 1.0000, span F1 1.0000) 15.3s
2026-10-02 00:18:04,392 INFO [supervised student-4x768-pretrained-pos32-vocab-B-rank-8000 seed2] epoch 34 step 3094 loss 0.0001 (in-sample val: type F1 1.0000, span F1 1.0000) 15.2s
2026-10-02 00:18:19,640 INFO [supervised student-4x768-pretrained-pos32-vocab-B-rank-8000 seed2] epoch 35 step 3185 loss 0.0005 (in-sample val: type F1 1.0000, span F1 1.0000) 15.2s
2026-10-02 00:18:35,144 INFO [supervised student-4x768-pretrained-pos32-vocab-B-rank-8000 seed2] epoch 36 step 3276 loss 0.0002 (in-sample val: type F1 1.0000, span F1 1.0000) 15.4s
2026-10-02 00:18:50,510 INFO [supervised student-4x768-pretrained-pos32-vocab-B-rank-8000 seed2] epoch 37 step 3367 loss 0.0008 (in-sample val: type F1 1.0000, span F1 1.0000) 15.3s
2026-10-02 00:19:05,792 INFO [supervised student-4x768-pretrained-pos32-vocab-B-rank-8000 seed2] epoch 38 step 3458 loss 0.0002 (in-sample val: type F1 1.0000, span F1 1.0000) 15.2s
2026-10-02 00:19:21,484 INFO [supervised student-4x768-pretrained-pos32-vocab-B-rank-8000 seed2] epoch 39 step 3549 loss 0.0001 (in-sample val: type F1 1.0000, span F1 1.0000) 15.6s
2026-10-02 00:19:37,196 INFO [supervised student-4x768-pretrained-pos32-vocab-B-rank-8000 seed2] epoch 40 step 3640 loss 0.0001 (in-sample val: type F1 1.0000, span F1 1.0000) 15.6s
[
  {
    "arm": "supervised",
    "variant": "student-4x768-pretrained-pos32-vocab-B-rank-8000",
    "seed": 2,
    "kd": {
      "temperature": 2.0,
      "alpha_hard": 1.0,
      "type_weight": 1.0,
      "span_weight": 1.0
    },
    "final_epoch": 40,
    "test_type_macro_f1": 0.9357325605680868,
    "test_span_f1": 0.854368932038835,
    "param_count": 34791947,
    "param_bytes_fp32": 139167788,
    "steps": 3640,
    "device": "mps",
    "wall_time_sec": 618.1739674578421,
    "train_time_sec": 614.1335195023566,
    "sec_per_epoch": 15.353337987558916,
    "train_examples_per_sec": 47.09073691895924,
    "checkpoint_path": "models/compression-v1/supervised/student-4x768-pretrained-pos32-vocab-B-rank-8000/seed2"
  }
]
