2026-10-02 00:09:15,704 WARNING MPS kernels are not bit-reproducible; repeated runs of a seed may differ.
Warning: You are sending unauthenticated requests to the HF Hub. Please set a HF_TOKEN to enable higher rate limits and faster downloads.
2026-10-02 00:09:16,140 WARNING Warning: You are sending unauthenticated requests to the HF Hub. Please set a HF_TOKEN to enable higher rate limits and faster downloads.
Loading weights:   0%|          | 0/197 [00:00<?, ?it/s]Loading weights: 100%|██████████| 197/197 [00:00<00:00, 14221.65it/s]
[transformers] [1mRobertaModel LOAD REPORT[0m from: Qualcomm-AI-Research/BamiBERT
Key                       | Status     |  | 
--------------------------+------------+--+-
lm_head.layer_norm.bias   | UNEXPECTED |  | 
lm_head.dense.weight      | UNEXPECTED |  | 
lm_head.layer_norm.weight | UNEXPECTED |  | 
lm_head.dense.bias        | UNEXPECTED |  | 
lm_head.decoder.bias      | UNEXPECTED |  | 
lm_head.bias              | UNEXPECTED |  | 

Notes:
- UNEXPECTED:	can be ignored when loading from different task/architecture; not ok if you expect identical arch.
2026-10-02 00:09:17,083 WARNING [1mRobertaModel LOAD REPORT[0m from: Qualcomm-AI-Research/BamiBERT
Key                       | Status     |  | 
--------------------------+------------+--+-
lm_head.layer_norm.bias   | UNEXPECTED |  | 
lm_head.dense.weight      | UNEXPECTED |  | 
lm_head.layer_norm.weight | UNEXPECTED |  | 
lm_head.dense.bias        | UNEXPECTED |  | 
lm_head.decoder.bias      | UNEXPECTED |  | 
lm_head.bias              | UNEXPECTED |  | 

Notes:
- UNEXPECTED:	can be ignored when loading from different task/architecture; not ok if you expect identical arch.
/Users/8bu/Projects/gidi/.venv/lib/python3.12/site-packages/torch/autograd/graph.py:1072: UserWarning: index_put_with_accumulate_mps does not have a deterministic implementation, but you set 'torch.use_deterministic_algorithms(True, warn_only=True)'. You can file an issue at https://github.com/pytorch/pytorch/issues to help us prioritize adding deterministic support for this operation. (Triggered internally at /Users/runner/work/pytorch/pytorch/aten/src/ATen/Context.cpp:190.)
  return Variable._execution_engine.run_backward(  # Calls into the C++ engine to run the backward pass
2026-10-02 00:09:34,997 INFO [supervised student-4x768-pretrained-pos32-vocab-B-rank-8000 seed3] epoch 1 step 91 loss 2.6562 (in-sample val: type F1 0.1158, span F1 0.0000) 15.6s
2026-10-02 00:09:50,403 INFO [supervised student-4x768-pretrained-pos32-vocab-B-rank-8000 seed3] epoch 2 step 182 loss 2.0251 (in-sample val: type F1 0.7320, span F1 0.0000) 15.3s
2026-10-02 00:10:05,653 INFO [supervised student-4x768-pretrained-pos32-vocab-B-rank-8000 seed3] epoch 3 step 273 loss 1.2888 (in-sample val: type F1 0.8553, span F1 0.0000) 15.1s
2026-10-02 00:10:20,973 INFO [supervised student-4x768-pretrained-pos32-vocab-B-rank-8000 seed3] epoch 4 step 364 loss 0.7484 (in-sample val: type F1 0.9117, span F1 0.2785) 15.3s
2026-10-02 00:10:36,268 INFO [supervised student-4x768-pretrained-pos32-vocab-B-rank-8000 seed3] epoch 5 step 455 loss 0.4734 (in-sample val: type F1 0.9926, span F1 0.5577) 15.2s
2026-10-02 00:10:51,885 INFO [supervised student-4x768-pretrained-pos32-vocab-B-rank-8000 seed3] epoch 6 step 546 loss 0.2570 (in-sample val: type F1 0.9926, span F1 0.7925) 15.5s
2026-10-02 00:11:07,259 INFO [supervised student-4x768-pretrained-pos32-vocab-B-rank-8000 seed3] epoch 7 step 637 loss 0.1351 (in-sample val: type F1 1.0000, span F1 0.8807) 15.3s
2026-10-02 00:11:22,718 INFO [supervised student-4x768-pretrained-pos32-vocab-B-rank-8000 seed3] epoch 8 step 728 loss 0.0881 (in-sample val: type F1 1.0000, span F1 0.9630) 15.3s
2026-10-02 00:11:38,225 INFO [supervised student-4x768-pretrained-pos32-vocab-B-rank-8000 seed3] epoch 9 step 819 loss 0.0363 (in-sample val: type F1 1.0000, span F1 0.9818) 15.4s
2026-10-02 00:11:53,751 INFO [supervised student-4x768-pretrained-pos32-vocab-B-rank-8000 seed3] epoch 10 step 910 loss 0.0318 (in-sample val: type F1 1.0000, span F1 1.0000) 15.4s
2026-10-02 00:12:09,287 INFO [supervised student-4x768-pretrained-pos32-vocab-B-rank-8000 seed3] epoch 11 step 1001 loss 0.0182 (in-sample val: type F1 1.0000, span F1 1.0000) 15.5s
2026-10-02 00:12:24,863 INFO [supervised student-4x768-pretrained-pos32-vocab-B-rank-8000 seed3] epoch 12 step 1092 loss 0.0204 (in-sample val: type F1 1.0000, span F1 1.0000) 15.5s
2026-10-02 00:12:40,434 INFO [supervised student-4x768-pretrained-pos32-vocab-B-rank-8000 seed3] epoch 13 step 1183 loss 0.0087 (in-sample val: type F1 1.0000, span F1 1.0000) 15.5s
2026-10-02 00:12:56,001 INFO [supervised student-4x768-pretrained-pos32-vocab-B-rank-8000 seed3] epoch 14 step 1274 loss 0.0093 (in-sample val: type F1 1.0000, span F1 1.0000) 15.5s
2026-10-02 00:13:11,676 INFO [supervised student-4x768-pretrained-pos32-vocab-B-rank-8000 seed3] epoch 15 step 1365 loss 0.0047 (in-sample val: type F1 1.0000, span F1 1.0000) 15.6s
2026-10-02 00:13:27,333 INFO [supervised student-4x768-pretrained-pos32-vocab-B-rank-8000 seed3] epoch 16 step 1456 loss 0.0035 (in-sample val: type F1 1.0000, span F1 1.0000) 15.6s
2026-10-02 00:13:42,671 INFO [supervised student-4x768-pretrained-pos32-vocab-B-rank-8000 seed3] epoch 17 step 1547 loss 0.0012 (in-sample val: type F1 1.0000, span F1 0.9815) 15.3s
2026-10-02 00:13:57,881 INFO [supervised student-4x768-pretrained-pos32-vocab-B-rank-8000 seed3] epoch 18 step 1638 loss 0.0065 (in-sample val: type F1 1.0000, span F1 1.0000) 15.1s
2026-10-02 00:14:13,639 INFO [supervised student-4x768-pretrained-pos32-vocab-B-rank-8000 seed3] epoch 19 step 1729 loss 0.0028 (in-sample val: type F1 1.0000, span F1 1.0000) 15.7s
2026-10-02 00:14:29,027 INFO [supervised student-4x768-pretrained-pos32-vocab-B-rank-8000 seed3] epoch 20 step 1820 loss 0.0003 (in-sample val: type F1 1.0000, span F1 1.0000) 15.3s
2026-10-02 00:14:44,693 INFO [supervised student-4x768-pretrained-pos32-vocab-B-rank-8000 seed3] epoch 21 step 1911 loss 0.0008 (in-sample val: type F1 1.0000, span F1 1.0000) 15.6s
2026-10-02 00:15:00,498 INFO [supervised student-4x768-pretrained-pos32-vocab-B-rank-8000 seed3] epoch 22 step 2002 loss 0.0008 (in-sample val: type F1 1.0000, span F1 1.0000) 15.7s
2026-10-02 00:15:16,054 INFO [supervised student-4x768-pretrained-pos32-vocab-B-rank-8000 seed3] epoch 23 step 2093 loss 0.0006 (in-sample val: type F1 1.0000, span F1 1.0000) 15.5s
2026-10-02 00:15:31,700 INFO [supervised student-4x768-pretrained-pos32-vocab-B-rank-8000 seed3] epoch 24 step 2184 loss 0.0023 (in-sample val: type F1 1.0000, span F1 1.0000) 15.5s
2026-10-02 00:15:47,424 INFO [supervised student-4x768-pretrained-pos32-vocab-B-rank-8000 seed3] epoch 25 step 2275 loss 0.0018 (in-sample val: type F1 1.0000, span F1 1.0000) 15.6s
2026-10-02 00:16:03,049 INFO [supervised student-4x768-pretrained-pos32-vocab-B-rank-8000 seed3] epoch 26 step 2366 loss 0.0003 (in-sample val: type F1 1.0000, span F1 1.0000) 15.5s
2026-10-02 00:16:18,520 INFO [supervised student-4x768-pretrained-pos32-vocab-B-rank-8000 seed3] epoch 27 step 2457 loss 0.0004 (in-sample val: type F1 1.0000, span F1 1.0000) 15.4s
2026-10-02 00:16:34,011 INFO [supervised student-4x768-pretrained-pos32-vocab-B-rank-8000 seed3] epoch 28 step 2548 loss 0.0010 (in-sample val: type F1 1.0000, span F1 1.0000) 15.4s
2026-10-02 00:16:48,985 INFO [supervised student-4x768-pretrained-pos32-vocab-B-rank-8000 seed3] epoch 29 step 2639 loss 0.0002 (in-sample val: type F1 1.0000, span F1 1.0000) 14.9s
2026-10-02 00:17:04,456 INFO [supervised student-4x768-pretrained-pos32-vocab-B-rank-8000 seed3] epoch 30 step 2730 loss 0.0006 (in-sample val: type F1 1.0000, span F1 1.0000) 15.4s
2026-10-02 00:17:19,982 INFO [supervised student-4x768-pretrained-pos32-vocab-B-rank-8000 seed3] epoch 31 step 2821 loss 0.0002 (in-sample val: type F1 1.0000, span F1 1.0000) 15.4s
2026-10-02 00:17:35,638 INFO [supervised student-4x768-pretrained-pos32-vocab-B-rank-8000 seed3] epoch 32 step 2912 loss 0.0002 (in-sample val: type F1 1.0000, span F1 1.0000) 15.6s
2026-10-02 00:17:50,793 INFO [supervised student-4x768-pretrained-pos32-vocab-B-rank-8000 seed3] epoch 33 step 3003 loss 0.0002 (in-sample val: type F1 1.0000, span F1 1.0000) 15.1s
2026-10-02 00:18:06,100 INFO [supervised student-4x768-pretrained-pos32-vocab-B-rank-8000 seed3] epoch 34 step 3094 loss 0.0001 (in-sample val: type F1 1.0000, span F1 1.0000) 15.2s
2026-10-02 00:18:21,482 INFO [supervised student-4x768-pretrained-pos32-vocab-B-rank-8000 seed3] epoch 35 step 3185 loss 0.0001 (in-sample val: type F1 1.0000, span F1 1.0000) 15.3s
2026-10-02 00:18:36,852 INFO [supervised student-4x768-pretrained-pos32-vocab-B-rank-8000 seed3] epoch 36 step 3276 loss 0.0001 (in-sample val: type F1 1.0000, span F1 1.0000) 15.3s
2026-10-02 00:18:52,457 INFO [supervised student-4x768-pretrained-pos32-vocab-B-rank-8000 seed3] epoch 37 step 3367 loss 0.0001 (in-sample val: type F1 1.0000, span F1 1.0000) 15.5s
2026-10-02 00:19:07,851 INFO [supervised student-4x768-pretrained-pos32-vocab-B-rank-8000 seed3] epoch 38 step 3458 loss 0.0003 (in-sample val: type F1 1.0000, span F1 1.0000) 15.3s
2026-10-02 00:19:23,527 INFO [supervised student-4x768-pretrained-pos32-vocab-B-rank-8000 seed3] epoch 39 step 3549 loss 0.0012 (in-sample val: type F1 1.0000, span F1 1.0000) 15.6s
2026-10-02 00:19:38,694 INFO [supervised student-4x768-pretrained-pos32-vocab-B-rank-8000 seed3] epoch 40 step 3640 loss 0.0001 (in-sample val: type F1 1.0000, span F1 1.0000) 15.1s
[
  {
    "arm": "supervised",
    "variant": "student-4x768-pretrained-pos32-vocab-B-rank-8000",
    "seed": 3,
    "kd": {
      "temperature": 2.0,
      "alpha_hard": 1.0,
      "type_weight": 1.0,
      "span_weight": 1.0
    },
    "final_epoch": 40,
    "test_type_macro_f1": 0.9445630898755899,
    "test_span_f1": 0.8653846153846154,
    "param_count": 34791947,
    "param_bytes_fp32": 139167788,
    "steps": 3640,
    "device": "mps",
    "wall_time_sec": 619.5553908331785,
    "train_time_sec": 615.5837812072132,
    "sec_per_epoch": 15.389594530180329,
    "train_examples_per_sec": 46.97979524945471,
    "checkpoint_path": "models/compression-v1/supervised/student-4x768-pretrained-pos32-vocab-B-rank-8000/seed3"
  }
]
