2026-10-02 01:49:26,543 WARNING MPS kernels are not bit-reproducible; repeated runs of a seed may differ.
Warning: You are sending unauthenticated requests to the HF Hub. Please set a HF_TOKEN to enable higher rate limits and faster downloads.
2026-10-02 01:49:27,007 WARNING Warning: You are sending unauthenticated requests to the HF Hub. Please set a HF_TOKEN to enable higher rate limits and faster downloads.
Loading weights:   0%|          | 0/197 [00:00<?, ?it/s]Loading weights: 100%|██████████| 197/197 [00:00<00:00, 21693.92it/s]
[transformers] [1mRobertaModel LOAD REPORT[0m from: Qualcomm-AI-Research/BamiBERT
Key                       | Status     |  | 
--------------------------+------------+--+-
lm_head.dense.bias        | UNEXPECTED |  | 
lm_head.decoder.bias      | UNEXPECTED |  | 
lm_head.layer_norm.weight | UNEXPECTED |  | 
lm_head.bias              | UNEXPECTED |  | 
lm_head.dense.weight      | UNEXPECTED |  | 
lm_head.layer_norm.bias   | UNEXPECTED |  | 

Notes:
- UNEXPECTED:	can be ignored when loading from different task/architecture; not ok if you expect identical arch.
2026-10-02 01:49:27,947 WARNING [1mRobertaModel LOAD REPORT[0m from: Qualcomm-AI-Research/BamiBERT
Key                       | Status     |  | 
--------------------------+------------+--+-
lm_head.dense.bias        | UNEXPECTED |  | 
lm_head.decoder.bias      | UNEXPECTED |  | 
lm_head.layer_norm.weight | UNEXPECTED |  | 
lm_head.bias              | UNEXPECTED |  | 
lm_head.dense.weight      | UNEXPECTED |  | 
lm_head.layer_norm.bias   | UNEXPECTED |  | 

Notes:
- UNEXPECTED:	can be ignored when loading from different task/architecture; not ok if you expect identical arch.
/Users/8bu/Projects/gidi/.venv/lib/python3.12/site-packages/torch/autograd/graph.py:1072: UserWarning: index_put_with_accumulate_mps does not have a deterministic implementation, but you set 'torch.use_deterministic_algorithms(True, warn_only=True)'. You can file an issue at https://github.com/pytorch/pytorch/issues to help us prioritize adding deterministic support for this operation. (Triggered internally at /Users/runner/work/pytorch/pytorch/aten/src/ATen/Context.cpp:190.)
  return Variable._execution_engine.run_backward(  # Calls into the C++ engine to run the backward pass
2026-10-02 01:49:35,972 INFO [supervised student-4x768-pretrained-pos32-vocab-B-rank-8000-ffn-combined-K2048 seed2] epoch 1 step 91 loss 2.6687 (in-sample val: type F1 0.1304, span F1 0.0000) 6.5s
2026-10-02 01:49:41,970 INFO [supervised student-4x768-pretrained-pos32-vocab-B-rank-8000-ffn-combined-K2048 seed2] epoch 2 step 182 loss 2.0613 (in-sample val: type F1 0.5859, span F1 0.0000) 6.0s
2026-10-02 01:49:47,943 INFO [supervised student-4x768-pretrained-pos32-vocab-B-rank-8000-ffn-combined-K2048 seed2] epoch 3 step 273 loss 1.2603 (in-sample val: type F1 0.9285, span F1 0.0351) 5.9s
2026-10-02 01:49:53,957 INFO [supervised student-4x768-pretrained-pos32-vocab-B-rank-8000-ffn-combined-K2048 seed2] epoch 4 step 364 loss 0.7730 (in-sample val: type F1 0.9790, span F1 0.3415) 6.0s
2026-10-02 01:49:59,949 INFO [supervised student-4x768-pretrained-pos32-vocab-B-rank-8000-ffn-combined-K2048 seed2] epoch 5 step 455 loss 0.4731 (in-sample val: type F1 0.9790, span F1 0.4694) 6.0s
2026-10-02 01:50:05,942 INFO [supervised student-4x768-pretrained-pos32-vocab-B-rank-8000-ffn-combined-K2048 seed2] epoch 6 step 546 loss 0.2877 (in-sample val: type F1 0.9795, span F1 0.6724) 6.0s
2026-10-02 01:50:11,945 INFO [supervised student-4x768-pretrained-pos32-vocab-B-rank-8000-ffn-combined-K2048 seed2] epoch 7 step 637 loss 0.1769 (in-sample val: type F1 1.0000, span F1 0.8991) 6.0s
2026-10-02 01:50:18,203 INFO [supervised student-4x768-pretrained-pos32-vocab-B-rank-8000-ffn-combined-K2048 seed2] epoch 8 step 728 loss 0.1105 (in-sample val: type F1 1.0000, span F1 0.9346) 6.2s
2026-10-02 01:50:24,246 INFO [supervised student-4x768-pretrained-pos32-vocab-B-rank-8000-ffn-combined-K2048 seed2] epoch 9 step 819 loss 0.0593 (in-sample val: type F1 1.0000, span F1 1.0000) 6.0s
2026-10-02 01:50:30,189 INFO [supervised student-4x768-pretrained-pos32-vocab-B-rank-8000-ffn-combined-K2048 seed2] epoch 10 step 910 loss 0.0304 (in-sample val: type F1 1.0000, span F1 1.0000) 5.9s
2026-10-02 01:50:36,470 INFO [supervised student-4x768-pretrained-pos32-vocab-B-rank-8000-ffn-combined-K2048 seed2] epoch 11 step 1001 loss 0.0242 (in-sample val: type F1 1.0000, span F1 0.9908) 6.3s
2026-10-02 01:50:42,534 INFO [supervised student-4x768-pretrained-pos32-vocab-B-rank-8000-ffn-combined-K2048 seed2] epoch 12 step 1092 loss 0.0098 (in-sample val: type F1 1.0000, span F1 1.0000) 6.0s
2026-10-02 01:50:48,437 INFO [supervised student-4x768-pretrained-pos32-vocab-B-rank-8000-ffn-combined-K2048 seed2] epoch 13 step 1183 loss 0.0075 (in-sample val: type F1 1.0000, span F1 0.9907) 5.9s
2026-10-02 01:50:54,335 INFO [supervised student-4x768-pretrained-pos32-vocab-B-rank-8000-ffn-combined-K2048 seed2] epoch 14 step 1274 loss 0.0055 (in-sample val: type F1 1.0000, span F1 1.0000) 5.9s
2026-10-02 01:51:00,315 INFO [supervised student-4x768-pretrained-pos32-vocab-B-rank-8000-ffn-combined-K2048 seed2] epoch 15 step 1365 loss 0.0025 (in-sample val: type F1 1.0000, span F1 1.0000) 6.0s
2026-10-02 01:51:06,372 INFO [supervised student-4x768-pretrained-pos32-vocab-B-rank-8000-ffn-combined-K2048 seed2] epoch 16 step 1456 loss 0.0018 (in-sample val: type F1 1.0000, span F1 1.0000) 6.0s
2026-10-02 01:51:12,349 INFO [supervised student-4x768-pretrained-pos32-vocab-B-rank-8000-ffn-combined-K2048 seed2] epoch 17 step 1547 loss 0.0031 (in-sample val: type F1 1.0000, span F1 1.0000) 5.9s
2026-10-02 01:51:18,255 INFO [supervised student-4x768-pretrained-pos32-vocab-B-rank-8000-ffn-combined-K2048 seed2] epoch 18 step 1638 loss 0.0023 (in-sample val: type F1 1.0000, span F1 1.0000) 5.9s
2026-10-02 01:51:24,180 INFO [supervised student-4x768-pretrained-pos32-vocab-B-rank-8000-ffn-combined-K2048 seed2] epoch 19 step 1729 loss 0.0007 (in-sample val: type F1 1.0000, span F1 1.0000) 5.9s
2026-10-02 01:51:30,124 INFO [supervised student-4x768-pretrained-pos32-vocab-B-rank-8000-ffn-combined-K2048 seed2] epoch 20 step 1820 loss 0.0010 (in-sample val: type F1 1.0000, span F1 1.0000) 5.9s
2026-10-02 01:51:35,971 INFO [supervised student-4x768-pretrained-pos32-vocab-B-rank-8000-ffn-combined-K2048 seed2] epoch 21 step 1911 loss 0.0007 (in-sample val: type F1 1.0000, span F1 1.0000) 5.8s
2026-10-02 01:51:41,872 INFO [supervised student-4x768-pretrained-pos32-vocab-B-rank-8000-ffn-combined-K2048 seed2] epoch 22 step 2002 loss 0.0014 (in-sample val: type F1 1.0000, span F1 1.0000) 5.9s
2026-10-02 01:51:47,803 INFO [supervised student-4x768-pretrained-pos32-vocab-B-rank-8000-ffn-combined-K2048 seed2] epoch 23 step 2093 loss 0.0006 (in-sample val: type F1 1.0000, span F1 1.0000) 5.9s
2026-10-02 01:51:53,810 INFO [supervised student-4x768-pretrained-pos32-vocab-B-rank-8000-ffn-combined-K2048 seed2] epoch 24 step 2184 loss 0.0007 (in-sample val: type F1 1.0000, span F1 1.0000) 6.0s
2026-10-02 01:51:59,776 INFO [supervised student-4x768-pretrained-pos32-vocab-B-rank-8000-ffn-combined-K2048 seed2] epoch 25 step 2275 loss 0.0003 (in-sample val: type F1 1.0000, span F1 1.0000) 5.9s
2026-10-02 01:52:05,992 INFO [supervised student-4x768-pretrained-pos32-vocab-B-rank-8000-ffn-combined-K2048 seed2] epoch 26 step 2366 loss 0.0005 (in-sample val: type F1 1.0000, span F1 1.0000) 6.2s
2026-10-02 01:52:12,042 INFO [supervised student-4x768-pretrained-pos32-vocab-B-rank-8000-ffn-combined-K2048 seed2] epoch 27 step 2457 loss 0.0013 (in-sample val: type F1 1.0000, span F1 1.0000) 6.0s
2026-10-02 01:52:18,116 INFO [supervised student-4x768-pretrained-pos32-vocab-B-rank-8000-ffn-combined-K2048 seed2] epoch 28 step 2548 loss 0.0010 (in-sample val: type F1 1.0000, span F1 1.0000) 6.0s
2026-10-02 01:52:24,218 INFO [supervised student-4x768-pretrained-pos32-vocab-B-rank-8000-ffn-combined-K2048 seed2] epoch 29 step 2639 loss 0.0003 (in-sample val: type F1 1.0000, span F1 1.0000) 6.1s
2026-10-02 01:52:30,324 INFO [supervised student-4x768-pretrained-pos32-vocab-B-rank-8000-ffn-combined-K2048 seed2] epoch 30 step 2730 loss 0.0002 (in-sample val: type F1 1.0000, span F1 1.0000) 6.1s
2026-10-02 01:52:36,456 INFO [supervised student-4x768-pretrained-pos32-vocab-B-rank-8000-ffn-combined-K2048 seed2] epoch 31 step 2821 loss 0.0001 (in-sample val: type F1 1.0000, span F1 1.0000) 6.1s
2026-10-02 01:52:42,604 INFO [supervised student-4x768-pretrained-pos32-vocab-B-rank-8000-ffn-combined-K2048 seed2] epoch 32 step 2912 loss 0.0005 (in-sample val: type F1 1.0000, span F1 1.0000) 6.1s
2026-10-02 01:52:48,794 INFO [supervised student-4x768-pretrained-pos32-vocab-B-rank-8000-ffn-combined-K2048 seed2] epoch 33 step 3003 loss 0.0003 (in-sample val: type F1 1.0000, span F1 1.0000) 6.2s
2026-10-02 01:52:54,913 INFO [supervised student-4x768-pretrained-pos32-vocab-B-rank-8000-ffn-combined-K2048 seed2] epoch 34 step 3094 loss 0.0002 (in-sample val: type F1 1.0000, span F1 1.0000) 6.1s
2026-10-02 01:53:00,912 INFO [supervised student-4x768-pretrained-pos32-vocab-B-rank-8000-ffn-combined-K2048 seed2] epoch 35 step 3185 loss 0.0002 (in-sample val: type F1 1.0000, span F1 1.0000) 6.0s
2026-10-02 01:53:06,975 INFO [supervised student-4x768-pretrained-pos32-vocab-B-rank-8000-ffn-combined-K2048 seed2] epoch 36 step 3276 loss 0.0001 (in-sample val: type F1 1.0000, span F1 1.0000) 6.0s
2026-10-02 01:53:12,913 INFO [supervised student-4x768-pretrained-pos32-vocab-B-rank-8000-ffn-combined-K2048 seed2] epoch 37 step 3367 loss 0.0001 (in-sample val: type F1 1.0000, span F1 1.0000) 5.9s
2026-10-02 01:53:18,810 INFO [supervised student-4x768-pretrained-pos32-vocab-B-rank-8000-ffn-combined-K2048 seed2] epoch 38 step 3458 loss 0.0001 (in-sample val: type F1 1.0000, span F1 1.0000) 5.9s
2026-10-02 01:53:24,747 INFO [supervised student-4x768-pretrained-pos32-vocab-B-rank-8000-ffn-combined-K2048 seed2] epoch 39 step 3549 loss 0.0002 (in-sample val: type F1 1.0000, span F1 1.0000) 5.9s
2026-10-02 01:53:30,712 INFO [supervised student-4x768-pretrained-pos32-vocab-B-rank-8000-ffn-combined-K2048 seed2] epoch 40 step 3640 loss 0.0001 (in-sample val: type F1 1.0000, span F1 1.0000) 5.9s
[
  {
    "arm": "supervised",
    "variant": "student-4x768-pretrained-pos32-vocab-B-rank-8000-ffn-combined-K2048",
    "seed": 2,
    "kd": {
      "temperature": 2.0,
      "alpha_hard": 1.0,
      "type_weight": 1.0,
      "span_weight": 1.0
    },
    "final_epoch": 40,
    "test_type_macro_f1": 0.9404331908201877,
    "test_span_f1": 0.838095238095238,
    "param_count": 28496395,
    "param_bytes_fp32": 113985580,
    "steps": 3640,
    "device": "mps",
    "wall_time_sec": 241.42873812513426,
    "train_time_sec": 240.0724158338271,
    "sec_per_epoch": 6.001810395845678,
    "train_examples_per_sec": 120.46365218408846,
    "checkpoint_path": "models/compression-v3/supervised/student-4x768-pretrained-pos32-vocab-B-rank-8000-ffn-combined-K2048/seed2"
  }
]
