2026-10-01 15:10:10,552 INFO run bamibert lr5e-05-seed2
2026-10-01 15:10:10,605 WARNING MPS kernels are not bit-reproducible across runs even with fixed seeds; expect small metric differences between repeated runs of the same seed.
Warning: You are sending unauthenticated requests to the HF Hub. Please set a HF_TOKEN to enable higher rate limits and faster downloads.
2026-10-01 15:10:10,902 WARNING Warning: You are sending unauthenticated requests to the HF Hub. Please set a HF_TOKEN to enable higher rate limits and faster downloads.
Loading weights:   0%|          | 0/197 [00:00<?, ?it/s]Loading weights: 100%|██████████| 197/197 [00:00<00:00, 10527.44it/s]
[transformers] [1mRobertaModel LOAD REPORT[0m from: Qualcomm-AI-Research/BamiBERT
Key                       | Status     |  | 
--------------------------+------------+--+-
lm_head.dense.bias        | UNEXPECTED |  | 
lm_head.layer_norm.bias   | UNEXPECTED |  | 
lm_head.bias              | UNEXPECTED |  | 
lm_head.decoder.bias      | UNEXPECTED |  | 
lm_head.layer_norm.weight | UNEXPECTED |  | 
lm_head.dense.weight      | UNEXPECTED |  | 

Notes:
- UNEXPECTED:	can be ignored when loading from different task/architecture; not ok if you expect identical arch.
2026-10-01 15:10:13,322 WARNING [1mRobertaModel LOAD REPORT[0m from: Qualcomm-AI-Research/BamiBERT
Key                       | Status     |  | 
--------------------------+------------+--+-
lm_head.dense.bias        | UNEXPECTED |  | 
lm_head.layer_norm.bias   | UNEXPECTED |  | 
lm_head.bias              | UNEXPECTED |  | 
lm_head.decoder.bias      | UNEXPECTED |  | 
lm_head.layer_norm.weight | UNEXPECTED |  | 
lm_head.dense.weight      | UNEXPECTED |  | 

Notes:
- UNEXPECTED:	can be ignored when loading from different task/architecture; not ok if you expect identical arch.
2026-10-01 15:10:31,770 INFO epoch 1 step 80 loss 2.5834 val_score 0.0716 (type F1 0.1433, span F1 0.0000) 17.7s *
2026-10-01 15:10:49,020 INFO epoch 2 step 160 loss 2.0230 val_score 0.5185 (type F1 0.5515, span F1 0.4854) 17.1s *
2026-10-01 15:11:06,218 INFO epoch 3 step 240 loss 1.2037 val_score 0.6453 (type F1 0.6940, span F1 0.5965) 17.0s *
2026-10-01 15:11:23,433 INFO epoch 4 step 320 loss 0.6271 val_score 0.7773 (type F1 0.8139, span F1 0.7407) 17.0s *
2026-10-01 15:11:40,625 INFO epoch 5 step 400 loss 0.4244 val_score 0.8122 (type F1 0.8485, span F1 0.7759) 17.0s *
2026-10-01 15:11:57,764 INFO epoch 6 step 480 loss 0.2563 val_score 0.8075 (type F1 0.8564, span F1 0.7586) 17.1s
2026-10-01 15:12:14,972 INFO epoch 7 step 560 loss 0.1645 val_score 0.8550 (type F1 0.8554, span F1 0.8545) 17.0s *
2026-10-01 15:12:32,115 INFO epoch 8 step 640 loss 0.1031 val_score 0.8927 (type F1 0.9309, span F1 0.8545) 17.0s *
2026-10-01 15:12:49,176 INFO epoch 9 step 720 loss 0.0289 val_score 0.8651 (type F1 0.8880, span F1 0.8421) 17.0s
2026-10-01 15:13:06,165 INFO epoch 10 step 800 loss 0.0349 val_score 0.8621 (type F1 0.9059, span F1 0.8182) 16.9s
2026-10-01 15:13:23,299 INFO epoch 11 step 880 loss 0.0232 val_score 0.8550 (type F1 0.8554, span F1 0.8545) 17.0s
2026-10-01 15:13:23,299 INFO early stopping: no improvement for 3 epochs
2026-10-01 15:13:23,906 INFO run bamibert lr5e-05-seed3
2026-10-01 15:13:23,913 WARNING MPS kernels are not bit-reproducible across runs even with fixed seeds; expect small metric differences between repeated runs of the same seed.
Loading weights:   0%|          | 0/197 [00:00<?, ?it/s]Loading weights: 100%|██████████| 197/197 [00:00<00:00, 21152.98it/s]
[transformers] [1mRobertaModel LOAD REPORT[0m from: Qualcomm-AI-Research/BamiBERT
Key                       | Status     |  | 
--------------------------+------------+--+-
lm_head.dense.bias        | UNEXPECTED |  | 
lm_head.layer_norm.bias   | UNEXPECTED |  | 
lm_head.bias              | UNEXPECTED |  | 
lm_head.decoder.bias      | UNEXPECTED |  | 
lm_head.layer_norm.weight | UNEXPECTED |  | 
lm_head.dense.weight      | UNEXPECTED |  | 

Notes:
- UNEXPECTED:	can be ignored when loading from different task/architecture; not ok if you expect identical arch.
2026-10-01 15:13:26,651 WARNING [1mRobertaModel LOAD REPORT[0m from: Qualcomm-AI-Research/BamiBERT
Key                       | Status     |  | 
--------------------------+------------+--+-
lm_head.dense.bias        | UNEXPECTED |  | 
lm_head.layer_norm.bias   | UNEXPECTED |  | 
lm_head.bias              | UNEXPECTED |  | 
lm_head.decoder.bias      | UNEXPECTED |  | 
lm_head.layer_norm.weight | UNEXPECTED |  | 
lm_head.dense.weight      | UNEXPECTED |  | 

Notes:
- UNEXPECTED:	can be ignored when loading from different task/architecture; not ok if you expect identical arch.
2026-10-01 15:13:44,078 INFO epoch 1 step 80 loss 2.6272 val_score 0.0604 (type F1 0.1209, span F1 0.0000) 17.1s *
2026-10-01 15:14:01,275 INFO epoch 2 step 160 loss 2.0021 val_score 0.2870 (type F1 0.4258, span F1 0.1481) 17.0s *
2026-10-01 15:14:18,490 INFO epoch 3 step 240 loss 1.1575 val_score 0.6694 (type F1 0.7526, span F1 0.5862) 17.0s *
2026-10-01 15:14:35,691 INFO epoch 4 step 320 loss 0.6156 val_score 0.7493 (type F1 0.8144, span F1 0.6842) 17.0s *
2026-10-01 15:14:52,927 INFO epoch 5 step 400 loss 0.3572 val_score 0.7530 (type F1 0.7990, span F1 0.7069) 17.0s *
2026-10-01 15:15:10,146 INFO epoch 6 step 480 loss 0.2244 val_score 0.7811 (type F1 0.8165, span F1 0.7458) 17.0s *
2026-10-01 15:15:27,386 INFO epoch 7 step 560 loss 0.1786 val_score 0.8115 (type F1 0.8231, span F1 0.8000) 17.0s *
2026-10-01 15:15:44,428 INFO epoch 8 step 640 loss 0.0931 val_score 0.8047 (type F1 0.7959, span F1 0.8136) 17.0s
2026-10-01 15:16:01,642 INFO epoch 9 step 720 loss 0.0821 val_score 0.8385 (type F1 0.8451, span F1 0.8319) 17.0s *
2026-10-01 15:16:18,766 INFO epoch 10 step 800 loss 0.0145 val_score 0.8334 (type F1 0.8454, span F1 0.8214) 17.0s
2026-10-01 15:16:35,834 INFO epoch 11 step 880 loss 0.0389 val_score 0.8126 (type F1 0.8324, span F1 0.7928) 17.0s
2026-10-01 15:16:52,952 INFO epoch 12 step 960 loss 0.0159 val_score 0.8202 (type F1 0.8474, span F1 0.7931) 17.0s
2026-10-01 15:16:52,953 INFO early stopping: no improvement for 3 epochs
[
  {
    "model": "Qualcomm-AI-Research/BamiBERT",
    "best_epoch": 8,
    "best_val_score": 0.8927084903937652,
    "test_type_macro_f1": 0.9177138527555811,
    "test_span_f1": 0.7647058823529412,
    "param_count": 102369035,
    "epochs_run": 11,
    "steps": 880,
    "device": "mps",
    "wall_time_sec": 189.9158074997831,
    "train_time_sec": 187.71563791576773,
    "sec_per_epoch": 17.06505799234252,
    "train_examples_per_sec": 37.09334010373955,
    "checkpoint_path": "models/targeted-v3/bamibert/lr5e-05-seed2"
  },
  {
    "model": "Qualcomm-AI-Research/BamiBERT",
    "best_epoch": 9,
    "best_val_score": 0.8384881307493681,
    "test_type_macro_f1": 0.9495670995670996,
    "test_span_f1": 0.8910891089108911,
    "param_count": 102369035,
    "epochs_run": 12,
    "steps": 960,
    "device": "mps",
    "wall_time_sec": 206.44878470804542,
    "train_time_sec": 204.01092820684426,
    "sec_per_epoch": 17.000910683903687,
    "train_examples_per_sec": 37.23329954314264,
    "checkpoint_path": "models/targeted-v3/bamibert/lr5e-05-seed3"
  }
]
