2026-10-02 02:25:30,281 WARNING MPS kernels are not bit-reproducible; repeated runs of a seed may differ.
Warning: You are sending unauthenticated requests to the HF Hub. Please set a HF_TOKEN to enable higher rate limits and faster downloads.
2026-10-02 02:25:30,698 WARNING Warning: You are sending unauthenticated requests to the HF Hub. Please set a HF_TOKEN to enable higher rate limits and faster downloads.
Loading weights:   0%|          | 0/197 [00:00<?, ?it/s]Loading weights: 100%|██████████| 197/197 [00:00<00:00, 18607.35it/s]
[transformers] [1mRobertaModel LOAD REPORT[0m from: Qualcomm-AI-Research/BamiBERT
Key                       | Status     |  | 
--------------------------+------------+--+-
lm_head.decoder.bias      | UNEXPECTED |  | 
lm_head.bias              | UNEXPECTED |  | 
lm_head.dense.bias        | UNEXPECTED |  | 
lm_head.layer_norm.bias   | UNEXPECTED |  | 
lm_head.dense.weight      | UNEXPECTED |  | 
lm_head.layer_norm.weight | UNEXPECTED |  | 

Notes:
- UNEXPECTED:	can be ignored when loading from different task/architecture; not ok if you expect identical arch.
2026-10-02 02:25:31,640 WARNING [1mRobertaModel LOAD REPORT[0m from: Qualcomm-AI-Research/BamiBERT
Key                       | Status     |  | 
--------------------------+------------+--+-
lm_head.decoder.bias      | UNEXPECTED |  | 
lm_head.bias              | UNEXPECTED |  | 
lm_head.dense.bias        | UNEXPECTED |  | 
lm_head.layer_norm.bias   | UNEXPECTED |  | 
lm_head.dense.weight      | UNEXPECTED |  | 
lm_head.layer_norm.weight | UNEXPECTED |  | 

Notes:
- UNEXPECTED:	can be ignored when loading from different task/architecture; not ok if you expect identical arch.
/Users/8bu/Projects/gidi/.venv/lib/python3.12/site-packages/torch/autograd/graph.py:1072: UserWarning: index_put_with_accumulate_mps does not have a deterministic implementation, but you set 'torch.use_deterministic_algorithms(True, warn_only=True)'. You can file an issue at https://github.com/pytorch/pytorch/issues to help us prioritize adding deterministic support for this operation. (Triggered internally at /Users/runner/work/pytorch/pytorch/aten/src/ATen/Context.cpp:190.)
  return Variable._execution_engine.run_backward(  # Calls into the C++ engine to run the backward pass
2026-10-02 02:25:40,420 INFO [supervised student-4x768-pretrained-pos32-vocab-B-rank-8000-ffn-combined-K2304 seed1] epoch 1 step 91 loss 2.6315 (in-sample val: type F1 0.0802, span F1 0.0000) 6.9s
2026-10-02 02:25:46,774 INFO [supervised student-4x768-pretrained-pos32-vocab-B-rank-8000-ffn-combined-K2304 seed1] epoch 2 step 182 loss 2.0123 (in-sample val: type F1 0.5266, span F1 0.0000) 6.3s
2026-10-02 02:25:53,059 INFO [supervised student-4x768-pretrained-pos32-vocab-B-rank-8000-ffn-combined-K2304 seed1] epoch 3 step 273 loss 1.2581 (in-sample val: type F1 0.8885, span F1 0.0000) 6.3s
2026-10-02 02:25:59,310 INFO [supervised student-4x768-pretrained-pos32-vocab-B-rank-8000-ffn-combined-K2304 seed1] epoch 4 step 364 loss 0.7331 (in-sample val: type F1 0.9719, span F1 0.3250) 6.2s
2026-10-02 02:26:05,592 INFO [supervised student-4x768-pretrained-pos32-vocab-B-rank-8000-ffn-combined-K2304 seed1] epoch 5 step 455 loss 0.4612 (in-sample val: type F1 0.9836, span F1 0.5517) 6.2s
2026-10-02 02:26:11,823 INFO [supervised student-4x768-pretrained-pos32-vocab-B-rank-8000-ffn-combined-K2304 seed1] epoch 6 step 546 loss 0.2704 (in-sample val: type F1 1.0000, span F1 0.7593) 6.2s
2026-10-02 02:26:18,121 INFO [supervised student-4x768-pretrained-pos32-vocab-B-rank-8000-ffn-combined-K2304 seed1] epoch 7 step 637 loss 0.1649 (in-sample val: type F1 1.0000, span F1 0.8889) 6.3s
2026-10-02 02:26:24,388 INFO [supervised student-4x768-pretrained-pos32-vocab-B-rank-8000-ffn-combined-K2304 seed1] epoch 8 step 728 loss 0.0984 (in-sample val: type F1 1.0000, span F1 0.9074) 6.2s
2026-10-02 02:26:30,875 INFO [supervised student-4x768-pretrained-pos32-vocab-B-rank-8000-ffn-combined-K2304 seed1] epoch 9 step 819 loss 0.0624 (in-sample val: type F1 1.0000, span F1 0.9259) 6.5s
2026-10-02 02:26:37,264 INFO [supervised student-4x768-pretrained-pos32-vocab-B-rank-8000-ffn-combined-K2304 seed1] epoch 10 step 910 loss 0.0438 (in-sample val: type F1 1.0000, span F1 1.0000) 6.4s
2026-10-02 02:26:43,476 INFO [supervised student-4x768-pretrained-pos32-vocab-B-rank-8000-ffn-combined-K2304 seed1] epoch 11 step 1001 loss 0.0161 (in-sample val: type F1 0.9915, span F1 1.0000) 6.2s
2026-10-02 02:26:49,849 INFO [supervised student-4x768-pretrained-pos32-vocab-B-rank-8000-ffn-combined-K2304 seed1] epoch 12 step 1092 loss 0.0094 (in-sample val: type F1 1.0000, span F1 1.0000) 6.3s
2026-10-02 02:26:56,389 INFO [supervised student-4x768-pretrained-pos32-vocab-B-rank-8000-ffn-combined-K2304 seed1] epoch 13 step 1183 loss 0.0077 (in-sample val: type F1 1.0000, span F1 1.0000) 6.5s
2026-10-02 02:27:02,732 INFO [supervised student-4x768-pretrained-pos32-vocab-B-rank-8000-ffn-combined-K2304 seed1] epoch 14 step 1274 loss 0.0058 (in-sample val: type F1 1.0000, span F1 1.0000) 6.3s
2026-10-02 02:27:08,934 INFO [supervised student-4x768-pretrained-pos32-vocab-B-rank-8000-ffn-combined-K2304 seed1] epoch 15 step 1365 loss 0.0050 (in-sample val: type F1 1.0000, span F1 1.0000) 6.2s
2026-10-02 02:27:15,071 INFO [supervised student-4x768-pretrained-pos32-vocab-B-rank-8000-ffn-combined-K2304 seed1] epoch 16 step 1456 loss 0.0039 (in-sample val: type F1 1.0000, span F1 1.0000) 6.1s
2026-10-02 02:27:21,283 INFO [supervised student-4x768-pretrained-pos32-vocab-B-rank-8000-ffn-combined-K2304 seed1] epoch 17 step 1547 loss 0.0012 (in-sample val: type F1 1.0000, span F1 1.0000) 6.2s
2026-10-02 02:27:27,698 INFO [supervised student-4x768-pretrained-pos32-vocab-B-rank-8000-ffn-combined-K2304 seed1] epoch 18 step 1638 loss 0.0038 (in-sample val: type F1 1.0000, span F1 1.0000) 6.4s
2026-10-02 02:27:33,896 INFO [supervised student-4x768-pretrained-pos32-vocab-B-rank-8000-ffn-combined-K2304 seed1] epoch 19 step 1729 loss 0.0010 (in-sample val: type F1 1.0000, span F1 1.0000) 6.2s
2026-10-02 02:27:40,258 INFO [supervised student-4x768-pretrained-pos32-vocab-B-rank-8000-ffn-combined-K2304 seed1] epoch 20 step 1820 loss 0.0005 (in-sample val: type F1 1.0000, span F1 1.0000) 6.3s
2026-10-02 02:27:46,753 INFO [supervised student-4x768-pretrained-pos32-vocab-B-rank-8000-ffn-combined-K2304 seed1] epoch 21 step 1911 loss 0.0008 (in-sample val: type F1 1.0000, span F1 1.0000) 6.5s
2026-10-02 02:27:52,983 INFO [supervised student-4x768-pretrained-pos32-vocab-B-rank-8000-ffn-combined-K2304 seed1] epoch 22 step 2002 loss 0.0004 (in-sample val: type F1 1.0000, span F1 1.0000) 6.2s
2026-10-02 02:27:59,225 INFO [supervised student-4x768-pretrained-pos32-vocab-B-rank-8000-ffn-combined-K2304 seed1] epoch 23 step 2093 loss 0.0002 (in-sample val: type F1 1.0000, span F1 1.0000) 6.2s
2026-10-02 02:28:05,609 INFO [supervised student-4x768-pretrained-pos32-vocab-B-rank-8000-ffn-combined-K2304 seed1] epoch 24 step 2184 loss 0.0006 (in-sample val: type F1 1.0000, span F1 1.0000) 6.4s
2026-10-02 02:28:11,997 INFO [supervised student-4x768-pretrained-pos32-vocab-B-rank-8000-ffn-combined-K2304 seed1] epoch 25 step 2275 loss 0.0005 (in-sample val: type F1 1.0000, span F1 1.0000) 6.4s
2026-10-02 02:28:18,313 INFO [supervised student-4x768-pretrained-pos32-vocab-B-rank-8000-ffn-combined-K2304 seed1] epoch 26 step 2366 loss 0.0017 (in-sample val: type F1 1.0000, span F1 1.0000) 6.3s
2026-10-02 02:28:24,580 INFO [supervised student-4x768-pretrained-pos32-vocab-B-rank-8000-ffn-combined-K2304 seed1] epoch 27 step 2457 loss 0.0004 (in-sample val: type F1 1.0000, span F1 1.0000) 6.2s
2026-10-02 02:28:31,002 INFO [supervised student-4x768-pretrained-pos32-vocab-B-rank-8000-ffn-combined-K2304 seed1] epoch 28 step 2548 loss 0.0013 (in-sample val: type F1 1.0000, span F1 1.0000) 6.4s
2026-10-02 02:28:37,346 INFO [supervised student-4x768-pretrained-pos32-vocab-B-rank-8000-ffn-combined-K2304 seed1] epoch 29 step 2639 loss 0.0004 (in-sample val: type F1 1.0000, span F1 1.0000) 6.3s
2026-10-02 02:28:43,748 INFO [supervised student-4x768-pretrained-pos32-vocab-B-rank-8000-ffn-combined-K2304 seed1] epoch 30 step 2730 loss 0.0002 (in-sample val: type F1 1.0000, span F1 1.0000) 6.4s
2026-10-02 02:28:50,189 INFO [supervised student-4x768-pretrained-pos32-vocab-B-rank-8000-ffn-combined-K2304 seed1] epoch 31 step 2821 loss 0.0004 (in-sample val: type F1 1.0000, span F1 1.0000) 6.4s
2026-10-02 02:28:56,611 INFO [supervised student-4x768-pretrained-pos32-vocab-B-rank-8000-ffn-combined-K2304 seed1] epoch 32 step 2912 loss 0.0002 (in-sample val: type F1 1.0000, span F1 1.0000) 6.4s
2026-10-02 02:29:03,033 INFO [supervised student-4x768-pretrained-pos32-vocab-B-rank-8000-ffn-combined-K2304 seed1] epoch 33 step 3003 loss 0.0005 (in-sample val: type F1 1.0000, span F1 1.0000) 6.4s
2026-10-02 02:29:09,551 INFO [supervised student-4x768-pretrained-pos32-vocab-B-rank-8000-ffn-combined-K2304 seed1] epoch 34 step 3094 loss 0.0001 (in-sample val: type F1 1.0000, span F1 1.0000) 6.5s
2026-10-02 02:29:15,990 INFO [supervised student-4x768-pretrained-pos32-vocab-B-rank-8000-ffn-combined-K2304 seed1] epoch 35 step 3185 loss 0.0001 (in-sample val: type F1 1.0000, span F1 1.0000) 6.4s
2026-10-02 02:29:22,342 INFO [supervised student-4x768-pretrained-pos32-vocab-B-rank-8000-ffn-combined-K2304 seed1] epoch 36 step 3276 loss 0.0001 (in-sample val: type F1 1.0000, span F1 1.0000) 6.3s
2026-10-02 02:29:28,648 INFO [supervised student-4x768-pretrained-pos32-vocab-B-rank-8000-ffn-combined-K2304 seed1] epoch 37 step 3367 loss 0.0001 (in-sample val: type F1 1.0000, span F1 1.0000) 6.3s
2026-10-02 02:29:34,976 INFO [supervised student-4x768-pretrained-pos32-vocab-B-rank-8000-ffn-combined-K2304 seed1] epoch 38 step 3458 loss 0.0002 (in-sample val: type F1 1.0000, span F1 1.0000) 6.3s
2026-10-02 02:29:41,270 INFO [supervised student-4x768-pretrained-pos32-vocab-B-rank-8000-ffn-combined-K2304 seed1] epoch 39 step 3549 loss 0.0001 (in-sample val: type F1 1.0000, span F1 1.0000) 6.3s
2026-10-02 02:29:47,851 INFO [supervised student-4x768-pretrained-pos32-vocab-B-rank-8000-ffn-combined-K2304 seed1] epoch 40 step 3640 loss 0.0001 (in-sample val: type F1 1.0000, span F1 1.0000) 6.5s
[
  {
    "arm": "supervised",
    "variant": "student-4x768-pretrained-pos32-vocab-B-rank-8000-ffn-combined-K2304",
    "seed": 1,
    "kd": {
      "temperature": 2.0,
      "alpha_hard": 1.0,
      "type_weight": 1.0,
      "span_weight": 1.0
    },
    "final_epoch": 40,
    "test_type_macro_f1": 0.9440627492025518,
    "test_span_f1": 0.7999999999999999,
    "param_count": 30070283,
    "param_bytes_fp32": 120281132,
    "steps": 3640,
    "device": "mps",
    "wall_time_sec": 254.68761683302,
    "train_time_sec": 253.04347791848704,
    "sec_per_epoch": 6.326086947962176,
    "train_examples_per_sec": 114.28865994845363,
    "checkpoint_path": "models/compression-v4/supervised/student-4x768-pretrained-pos32-vocab-B-rank-8000-ffn-combined-K2304/seed1"
  }
]
