2026-10-02 02:34:11,291 WARNING MPS kernels are not bit-reproducible; repeated runs of a seed may differ.
Warning: You are sending unauthenticated requests to the HF Hub. Please set a HF_TOKEN to enable higher rate limits and faster downloads.
2026-10-02 02:34:11,697 WARNING Warning: You are sending unauthenticated requests to the HF Hub. Please set a HF_TOKEN to enable higher rate limits and faster downloads.
Loading weights:   0%|          | 0/197 [00:00<?, ?it/s]Loading weights: 100%|██████████| 197/197 [00:00<00:00, 17441.59it/s]
[transformers] [1mRobertaModel LOAD REPORT[0m from: Qualcomm-AI-Research/BamiBERT
Key                       | Status     |  | 
--------------------------+------------+--+-
lm_head.bias              | UNEXPECTED |  | 
lm_head.decoder.bias      | UNEXPECTED |  | 
lm_head.dense.bias        | UNEXPECTED |  | 
lm_head.layer_norm.bias   | UNEXPECTED |  | 
lm_head.layer_norm.weight | UNEXPECTED |  | 
lm_head.dense.weight      | UNEXPECTED |  | 

Notes:
- UNEXPECTED:	can be ignored when loading from different task/architecture; not ok if you expect identical arch.
2026-10-02 02:34:12,594 WARNING [1mRobertaModel LOAD REPORT[0m from: Qualcomm-AI-Research/BamiBERT
Key                       | Status     |  | 
--------------------------+------------+--+-
lm_head.bias              | UNEXPECTED |  | 
lm_head.decoder.bias      | UNEXPECTED |  | 
lm_head.dense.bias        | UNEXPECTED |  | 
lm_head.layer_norm.bias   | UNEXPECTED |  | 
lm_head.layer_norm.weight | UNEXPECTED |  | 
lm_head.dense.weight      | UNEXPECTED |  | 

Notes:
- UNEXPECTED:	can be ignored when loading from different task/architecture; not ok if you expect identical arch.
/Users/8bu/Projects/gidi/.venv/lib/python3.12/site-packages/torch/autograd/graph.py:1072: UserWarning: index_put_with_accumulate_mps does not have a deterministic implementation, but you set 'torch.use_deterministic_algorithms(True, warn_only=True)'. You can file an issue at https://github.com/pytorch/pytorch/issues to help us prioritize adding deterministic support for this operation. (Triggered internally at /Users/runner/work/pytorch/pytorch/aten/src/ATen/Context.cpp:190.)
  return Variable._execution_engine.run_backward(  # Calls into the C++ engine to run the backward pass
2026-10-02 02:34:21,051 INFO [supervised student-4x768-pretrained-pos32-vocab-B-rank-8000-ffn-combined-K2304 seed3] epoch 1 step 91 loss 2.6728 (in-sample val: type F1 0.1047, span F1 0.0000) 6.9s
2026-10-02 02:34:27,358 INFO [supervised student-4x768-pretrained-pos32-vocab-B-rank-8000-ffn-combined-K2304 seed3] epoch 2 step 182 loss 2.0408 (in-sample val: type F1 0.7071, span F1 0.0000) 6.3s
2026-10-02 02:34:33,654 INFO [supervised student-4x768-pretrained-pos32-vocab-B-rank-8000-ffn-combined-K2304 seed3] epoch 3 step 273 loss 1.3074 (in-sample val: type F1 0.8356, span F1 0.0000) 6.3s
2026-10-02 02:34:39,860 INFO [supervised student-4x768-pretrained-pos32-vocab-B-rank-8000-ffn-combined-K2304 seed3] epoch 4 step 364 loss 0.7602 (in-sample val: type F1 0.9245, span F1 0.3077) 6.2s
2026-10-02 02:34:46,150 INFO [supervised student-4x768-pretrained-pos32-vocab-B-rank-8000-ffn-combined-K2304 seed3] epoch 5 step 455 loss 0.4735 (in-sample val: type F1 0.9926, span F1 0.6286) 6.3s
2026-10-02 02:34:52,452 INFO [supervised student-4x768-pretrained-pos32-vocab-B-rank-8000-ffn-combined-K2304 seed3] epoch 6 step 546 loss 0.2516 (in-sample val: type F1 1.0000, span F1 0.8302) 6.3s
2026-10-02 02:34:58,750 INFO [supervised student-4x768-pretrained-pos32-vocab-B-rank-8000-ffn-combined-K2304 seed3] epoch 7 step 637 loss 0.1640 (in-sample val: type F1 1.0000, span F1 0.9358) 6.3s
2026-10-02 02:35:04,997 INFO [supervised student-4x768-pretrained-pos32-vocab-B-rank-8000-ffn-combined-K2304 seed3] epoch 8 step 728 loss 0.0958 (in-sample val: type F1 1.0000, span F1 0.8889) 6.2s
2026-10-02 02:35:11,244 INFO [supervised student-4x768-pretrained-pos32-vocab-B-rank-8000-ffn-combined-K2304 seed3] epoch 9 step 819 loss 0.0595 (in-sample val: type F1 1.0000, span F1 0.9815) 6.2s
2026-10-02 02:35:17,660 INFO [supervised student-4x768-pretrained-pos32-vocab-B-rank-8000-ffn-combined-K2304 seed3] epoch 10 step 910 loss 0.0333 (in-sample val: type F1 1.0000, span F1 1.0000) 6.4s
2026-10-02 02:35:23,938 INFO [supervised student-4x768-pretrained-pos32-vocab-B-rank-8000-ffn-combined-K2304 seed3] epoch 11 step 1001 loss 0.0182 (in-sample val: type F1 1.0000, span F1 1.0000) 6.2s
2026-10-02 02:35:30,159 INFO [supervised student-4x768-pretrained-pos32-vocab-B-rank-8000-ffn-combined-K2304 seed3] epoch 12 step 1092 loss 0.0126 (in-sample val: type F1 1.0000, span F1 1.0000) 6.2s
2026-10-02 02:35:36,425 INFO [supervised student-4x768-pretrained-pos32-vocab-B-rank-8000-ffn-combined-K2304 seed3] epoch 13 step 1183 loss 0.0070 (in-sample val: type F1 1.0000, span F1 0.9815) 6.2s
2026-10-02 02:35:42,692 INFO [supervised student-4x768-pretrained-pos32-vocab-B-rank-8000-ffn-combined-K2304 seed3] epoch 14 step 1274 loss 0.0077 (in-sample val: type F1 1.0000, span F1 1.0000) 6.2s
2026-10-02 02:35:49,029 INFO [supervised student-4x768-pretrained-pos32-vocab-B-rank-8000-ffn-combined-K2304 seed3] epoch 15 step 1365 loss 0.0036 (in-sample val: type F1 1.0000, span F1 1.0000) 6.3s
2026-10-02 02:35:55,294 INFO [supervised student-4x768-pretrained-pos32-vocab-B-rank-8000-ffn-combined-K2304 seed3] epoch 16 step 1456 loss 0.0037 (in-sample val: type F1 1.0000, span F1 1.0000) 6.2s
2026-10-02 02:36:01,533 INFO [supervised student-4x768-pretrained-pos32-vocab-B-rank-8000-ffn-combined-K2304 seed3] epoch 17 step 1547 loss 0.0044 (in-sample val: type F1 1.0000, span F1 1.0000) 6.2s
2026-10-02 02:36:07,803 INFO [supervised student-4x768-pretrained-pos32-vocab-B-rank-8000-ffn-combined-K2304 seed3] epoch 18 step 1638 loss 0.0024 (in-sample val: type F1 1.0000, span F1 1.0000) 6.2s
2026-10-02 02:36:14,111 INFO [supervised student-4x768-pretrained-pos32-vocab-B-rank-8000-ffn-combined-K2304 seed3] epoch 19 step 1729 loss 0.0012 (in-sample val: type F1 1.0000, span F1 1.0000) 6.3s
2026-10-02 02:36:20,353 INFO [supervised student-4x768-pretrained-pos32-vocab-B-rank-8000-ffn-combined-K2304 seed3] epoch 20 step 1820 loss 0.0031 (in-sample val: type F1 1.0000, span F1 1.0000) 6.2s
2026-10-02 02:36:26,583 INFO [supervised student-4x768-pretrained-pos32-vocab-B-rank-8000-ffn-combined-K2304 seed3] epoch 21 step 1911 loss 0.0013 (in-sample val: type F1 1.0000, span F1 1.0000) 6.2s
2026-10-02 02:36:32,771 INFO [supervised student-4x768-pretrained-pos32-vocab-B-rank-8000-ffn-combined-K2304 seed3] epoch 22 step 2002 loss 0.0013 (in-sample val: type F1 1.0000, span F1 1.0000) 6.2s
2026-10-02 02:36:39,031 INFO [supervised student-4x768-pretrained-pos32-vocab-B-rank-8000-ffn-combined-K2304 seed3] epoch 23 step 2093 loss 0.0009 (in-sample val: type F1 1.0000, span F1 1.0000) 6.2s
2026-10-02 02:36:45,288 INFO [supervised student-4x768-pretrained-pos32-vocab-B-rank-8000-ffn-combined-K2304 seed3] epoch 24 step 2184 loss 0.0006 (in-sample val: type F1 1.0000, span F1 1.0000) 6.2s
2026-10-02 02:36:51,480 INFO [supervised student-4x768-pretrained-pos32-vocab-B-rank-8000-ffn-combined-K2304 seed3] epoch 25 step 2275 loss 0.0019 (in-sample val: type F1 1.0000, span F1 1.0000) 6.2s
2026-10-02 02:36:57,712 INFO [supervised student-4x768-pretrained-pos32-vocab-B-rank-8000-ffn-combined-K2304 seed3] epoch 26 step 2366 loss 0.0005 (in-sample val: type F1 1.0000, span F1 1.0000) 6.2s
2026-10-02 02:37:03,957 INFO [supervised student-4x768-pretrained-pos32-vocab-B-rank-8000-ffn-combined-K2304 seed3] epoch 27 step 2457 loss 0.0002 (in-sample val: type F1 1.0000, span F1 1.0000) 6.2s
2026-10-02 02:37:10,229 INFO [supervised student-4x768-pretrained-pos32-vocab-B-rank-8000-ffn-combined-K2304 seed3] epoch 28 step 2548 loss 0.0002 (in-sample val: type F1 1.0000, span F1 1.0000) 6.2s
2026-10-02 02:37:16,455 INFO [supervised student-4x768-pretrained-pos32-vocab-B-rank-8000-ffn-combined-K2304 seed3] epoch 29 step 2639 loss 0.0009 (in-sample val: type F1 1.0000, span F1 1.0000) 6.2s
2026-10-02 02:37:22,769 INFO [supervised student-4x768-pretrained-pos32-vocab-B-rank-8000-ffn-combined-K2304 seed3] epoch 30 step 2730 loss 0.0003 (in-sample val: type F1 1.0000, span F1 1.0000) 6.3s
2026-10-02 02:37:29,033 INFO [supervised student-4x768-pretrained-pos32-vocab-B-rank-8000-ffn-combined-K2304 seed3] epoch 31 step 2821 loss 0.0007 (in-sample val: type F1 1.0000, span F1 1.0000) 6.2s
2026-10-02 02:37:35,371 INFO [supervised student-4x768-pretrained-pos32-vocab-B-rank-8000-ffn-combined-K2304 seed3] epoch 32 step 2912 loss 0.0002 (in-sample val: type F1 1.0000, span F1 1.0000) 6.3s
2026-10-02 02:37:41,630 INFO [supervised student-4x768-pretrained-pos32-vocab-B-rank-8000-ffn-combined-K2304 seed3] epoch 33 step 3003 loss 0.0005 (in-sample val: type F1 1.0000, span F1 1.0000) 6.2s
2026-10-02 02:37:47,891 INFO [supervised student-4x768-pretrained-pos32-vocab-B-rank-8000-ffn-combined-K2304 seed3] epoch 34 step 3094 loss 0.0008 (in-sample val: type F1 1.0000, span F1 1.0000) 6.2s
2026-10-02 02:37:54,129 INFO [supervised student-4x768-pretrained-pos32-vocab-B-rank-8000-ffn-combined-K2304 seed3] epoch 35 step 3185 loss 0.0001 (in-sample val: type F1 1.0000, span F1 1.0000) 6.2s
2026-10-02 02:38:00,366 INFO [supervised student-4x768-pretrained-pos32-vocab-B-rank-8000-ffn-combined-K2304 seed3] epoch 36 step 3276 loss 0.0001 (in-sample val: type F1 1.0000, span F1 1.0000) 6.2s
2026-10-02 02:38:06,673 INFO [supervised student-4x768-pretrained-pos32-vocab-B-rank-8000-ffn-combined-K2304 seed3] epoch 37 step 3367 loss 0.0002 (in-sample val: type F1 1.0000, span F1 1.0000) 6.3s
2026-10-02 02:38:12,947 INFO [supervised student-4x768-pretrained-pos32-vocab-B-rank-8000-ffn-combined-K2304 seed3] epoch 38 step 3458 loss 0.0001 (in-sample val: type F1 1.0000, span F1 1.0000) 6.2s
2026-10-02 02:38:19,266 INFO [supervised student-4x768-pretrained-pos32-vocab-B-rank-8000-ffn-combined-K2304 seed3] epoch 39 step 3549 loss 0.0001 (in-sample val: type F1 1.0000, span F1 1.0000) 6.3s
2026-10-02 02:38:25,547 INFO [supervised student-4x768-pretrained-pos32-vocab-B-rank-8000-ffn-combined-K2304 seed3] epoch 40 step 3640 loss 0.0001 (in-sample val: type F1 1.0000, span F1 1.0000) 6.2s
[
  {
    "arm": "supervised",
    "variant": "student-4x768-pretrained-pos32-vocab-B-rank-8000-ffn-combined-K2304",
    "seed": 3,
    "kd": {
      "temperature": 2.0,
      "alpha_hard": 1.0,
      "type_weight": 1.0,
      "span_weight": 1.0
    },
    "final_epoch": 40,
    "test_type_macro_f1": 0.9422231155640767,
    "test_span_f1": 0.8113207547169811,
    "param_count": 30070283,
    "param_bytes_fp32": 120281132,
    "steps": 3640,
    "device": "mps",
    "wall_time_sec": 251.58218570798635,
    "train_time_sec": 250.19600858306512,
    "sec_per_epoch": 6.254900214576628,
    "train_examples_per_sec": 115.58937396236901,
    "checkpoint_path": "models/compression-v4/supervised/student-4x768-pretrained-pos32-vocab-B-rank-8000-ffn-combined-K2304/seed3"
  }
]
