2026-10-01 22:08:46,840 WARNING MPS kernels are not bit-reproducible; repeated runs of a seed may differ.
Warning: You are sending unauthenticated requests to the HF Hub. Please set a HF_TOKEN to enable higher rate limits and faster downloads.
2026-10-01 22:08:47,484 WARNING Warning: You are sending unauthenticated requests to the HF Hub. Please set a HF_TOKEN to enable higher rate limits and faster downloads.
/Users/8bu/Projects/gidi/.venv/lib/python3.12/site-packages/torch/autograd/graph.py:1072: UserWarning: index_put_with_accumulate_mps does not have a deterministic implementation, but you set 'torch.use_deterministic_algorithms(True, warn_only=True)'. You can file an issue at https://github.com/pytorch/pytorch/issues to help us prioritize adding deterministic support for this operation. (Triggered internally at /Users/runner/work/pytorch/pytorch/aten/src/ATen/Context.cpp:190.)
  return Variable._execution_engine.run_backward(  # Calls into the C++ engine to run the backward pass
2026-10-01 22:08:54,617 INFO [supervised seed1] epoch 1 step 91 loss 2.5381 (in-sample val: type F1 0.1276, span F1 0.0000) 4.5s
2026-10-01 22:08:57,320 INFO [supervised seed1] epoch 2 step 182 loss 1.8268 (in-sample val: type F1 0.6443, span F1 0.1818) 2.7s
2026-10-01 22:09:00,119 INFO [supervised seed1] epoch 3 step 273 loss 0.8992 (in-sample val: type F1 0.8831, span F1 0.5849) 2.8s
2026-10-01 22:09:02,877 INFO [supervised seed1] epoch 4 step 364 loss 0.5068 (in-sample val: type F1 0.9782, span F1 0.5636) 2.7s
2026-10-01 22:09:05,550 INFO [supervised seed1] epoch 5 step 455 loss 0.3943 (in-sample val: type F1 0.9618, span F1 0.5743) 2.7s
2026-10-01 22:09:08,167 INFO [supervised seed1] epoch 6 step 546 loss 0.2895 (in-sample val: type F1 0.9789, span F1 0.7103) 2.6s
2026-10-01 22:09:10,869 INFO [supervised seed1] epoch 7 step 637 loss 0.2209 (in-sample val: type F1 0.9926, span F1 0.5586) 2.7s
2026-10-01 22:09:13,686 INFO [supervised seed1] epoch 8 step 728 loss 0.1675 (in-sample val: type F1 1.0000, span F1 0.8972) 2.8s
2026-10-01 22:09:16,406 INFO [supervised seed1] epoch 9 step 819 loss 0.1088 (in-sample val: type F1 0.9926, span F1 0.8807) 2.7s
2026-10-01 22:09:19,122 INFO [supervised seed1] epoch 10 step 910 loss 0.0947 (in-sample val: type F1 1.0000, span F1 0.9541) 2.7s
2026-10-01 22:09:21,741 INFO [supervised seed1] epoch 11 step 1001 loss 0.0739 (in-sample val: type F1 1.0000, span F1 0.9346) 2.6s
2026-10-01 22:09:24,545 INFO [supervised seed1] epoch 12 step 1092 loss 0.0841 (in-sample val: type F1 1.0000, span F1 0.9444) 2.8s
2026-10-01 22:09:27,191 INFO [supervised seed1] epoch 13 step 1183 loss 0.0512 (in-sample val: type F1 1.0000, span F1 0.9358) 2.6s
2026-10-01 22:09:29,879 INFO [supervised seed1] epoch 14 step 1274 loss 0.0310 (in-sample val: type F1 1.0000, span F1 0.9259) 2.7s
2026-10-01 22:09:32,723 INFO [supervised seed1] epoch 15 step 1365 loss 0.0455 (in-sample val: type F1 1.0000, span F1 0.9630) 2.8s
2026-10-01 22:09:35,348 INFO [supervised seed1] epoch 16 step 1456 loss 0.0194 (in-sample val: type F1 1.0000, span F1 0.9444) 2.6s
2026-10-01 22:09:38,069 INFO [supervised seed1] epoch 17 step 1547 loss 0.0206 (in-sample val: type F1 0.9907, span F1 0.9630) 2.7s
2026-10-01 22:09:40,711 INFO [supervised seed1] epoch 18 step 1638 loss 0.0171 (in-sample val: type F1 1.0000, span F1 1.0000) 2.6s
2026-10-01 22:09:43,310 INFO [supervised seed1] epoch 19 step 1729 loss 0.0083 (in-sample val: type F1 1.0000, span F1 1.0000) 2.6s
2026-10-01 22:09:45,917 INFO [supervised seed1] epoch 20 step 1820 loss 0.0060 (in-sample val: type F1 1.0000, span F1 1.0000) 2.6s
2026-10-01 22:09:48,554 INFO [supervised seed1] epoch 21 step 1911 loss 0.0029 (in-sample val: type F1 1.0000, span F1 1.0000) 2.6s
2026-10-01 22:09:51,174 INFO [supervised seed1] epoch 22 step 2002 loss 0.0048 (in-sample val: type F1 1.0000, span F1 0.9907) 2.6s
2026-10-01 22:09:53,780 INFO [supervised seed1] epoch 23 step 2093 loss 0.0033 (in-sample val: type F1 1.0000, span F1 1.0000) 2.6s
2026-10-01 22:09:56,474 INFO [supervised seed1] epoch 24 step 2184 loss 0.0075 (in-sample val: type F1 1.0000, span F1 1.0000) 2.7s
2026-10-01 22:09:59,148 INFO [supervised seed1] epoch 25 step 2275 loss 0.0020 (in-sample val: type F1 1.0000, span F1 1.0000) 2.7s
2026-10-01 22:10:01,832 INFO [supervised seed1] epoch 26 step 2366 loss 0.0005 (in-sample val: type F1 1.0000, span F1 1.0000) 2.7s
2026-10-01 22:10:04,421 INFO [supervised seed1] epoch 27 step 2457 loss 0.0005 (in-sample val: type F1 1.0000, span F1 1.0000) 2.6s
2026-10-01 22:10:07,045 INFO [supervised seed1] epoch 28 step 2548 loss 0.0011 (in-sample val: type F1 1.0000, span F1 1.0000) 2.6s
2026-10-01 22:10:09,725 INFO [supervised seed1] epoch 29 step 2639 loss 0.0041 (in-sample val: type F1 1.0000, span F1 1.0000) 2.7s
2026-10-01 22:10:12,361 INFO [supervised seed1] epoch 30 step 2730 loss 0.0027 (in-sample val: type F1 1.0000, span F1 1.0000) 2.6s
2026-10-01 22:10:14,994 INFO [supervised seed1] epoch 31 step 2821 loss 0.0004 (in-sample val: type F1 1.0000, span F1 1.0000) 2.6s
2026-10-01 22:10:17,666 INFO [supervised seed1] epoch 32 step 2912 loss 0.0006 (in-sample val: type F1 1.0000, span F1 1.0000) 2.7s
2026-10-01 22:10:20,286 INFO [supervised seed1] epoch 33 step 3003 loss 0.0003 (in-sample val: type F1 1.0000, span F1 1.0000) 2.6s
2026-10-01 22:10:23,018 INFO [supervised seed1] epoch 34 step 3094 loss 0.0001 (in-sample val: type F1 1.0000, span F1 1.0000) 2.7s
2026-10-01 22:10:25,641 INFO [supervised seed1] epoch 35 step 3185 loss 0.0003 (in-sample val: type F1 1.0000, span F1 1.0000) 2.6s
2026-10-01 22:10:28,263 INFO [supervised seed1] epoch 36 step 3276 loss 0.0002 (in-sample val: type F1 1.0000, span F1 1.0000) 2.6s
2026-10-01 22:10:30,893 INFO [supervised seed1] epoch 37 step 3367 loss 0.0001 (in-sample val: type F1 1.0000, span F1 1.0000) 2.6s
2026-10-01 22:10:33,557 INFO [supervised seed1] epoch 38 step 3458 loss 0.0001 (in-sample val: type F1 1.0000, span F1 1.0000) 2.7s
2026-10-01 22:10:36,251 INFO [supervised seed1] epoch 39 step 3549 loss 0.0005 (in-sample val: type F1 1.0000, span F1 1.0000) 2.7s
2026-10-01 22:10:38,977 INFO [supervised seed1] epoch 40 step 3640 loss 0.0002 (in-sample val: type F1 1.0000, span F1 1.0000) 2.7s
2026-10-01 22:10:39,127 WARNING MPS kernels are not bit-reproducible; repeated runs of a seed may differ.
2026-10-01 22:10:44,667 INFO [supervised seed2] epoch 1 step 91 loss 2.6269 (in-sample val: type F1 0.1333, span F1 0.0000) 2.8s
2026-10-01 22:10:47,460 INFO [supervised seed2] epoch 2 step 182 loss 1.8100 (in-sample val: type F1 0.6930, span F1 0.1714) 2.8s
2026-10-01 22:10:50,147 INFO [supervised seed2] epoch 3 step 273 loss 0.9231 (in-sample val: type F1 0.9356, span F1 0.5577) 2.7s
2026-10-01 22:10:52,822 INFO [supervised seed2] epoch 4 step 364 loss 0.5341 (in-sample val: type F1 0.9514, span F1 0.6731) 2.7s
2026-10-01 22:10:55,378 INFO [supervised seed2] epoch 5 step 455 loss 0.3536 (in-sample val: type F1 0.9514, span F1 0.6964) 2.5s
2026-10-01 22:10:58,040 INFO [supervised seed2] epoch 6 step 546 loss 0.2942 (in-sample val: type F1 0.9840, span F1 0.6789) 2.6s
2026-10-01 22:11:00,940 INFO [supervised seed2] epoch 7 step 637 loss 0.1830 (in-sample val: type F1 0.9739, span F1 0.7407) 2.9s
2026-10-01 22:11:03,998 INFO [supervised seed2] epoch 8 step 728 loss 0.1516 (in-sample val: type F1 1.0000, span F1 0.8214) 3.0s
2026-10-01 22:11:07,526 INFO [supervised seed2] epoch 9 step 819 loss 0.1377 (in-sample val: type F1 0.9926, span F1 0.8679) 3.5s
2026-10-01 22:11:10,879 INFO [supervised seed2] epoch 10 step 910 loss 0.1037 (in-sample val: type F1 0.9867, span F1 0.9245) 3.3s
2026-10-01 22:11:13,751 INFO [supervised seed2] epoch 11 step 1001 loss 0.0843 (in-sample val: type F1 0.9796, span F1 0.9057) 2.9s
2026-10-01 22:11:16,682 INFO [supervised seed2] epoch 12 step 1092 loss 0.0514 (in-sample val: type F1 0.9852, span F1 0.9533) 2.9s
2026-10-01 22:11:19,820 INFO [supervised seed2] epoch 13 step 1183 loss 0.0464 (in-sample val: type F1 1.0000, span F1 0.9623) 3.1s
2026-10-01 22:11:22,812 INFO [supervised seed2] epoch 14 step 1274 loss 0.0464 (in-sample val: type F1 1.0000, span F1 0.9541) 3.0s
2026-10-01 22:11:25,638 INFO [supervised seed2] epoch 15 step 1365 loss 0.0296 (in-sample val: type F1 1.0000, span F1 1.0000) 2.8s
2026-10-01 22:11:28,718 INFO [supervised seed2] epoch 16 step 1456 loss 0.0228 (in-sample val: type F1 1.0000, span F1 1.0000) 3.1s
2026-10-01 22:11:31,545 INFO [supervised seed2] epoch 17 step 1547 loss 0.0127 (in-sample val: type F1 1.0000, span F1 0.9815) 2.8s
2026-10-01 22:11:34,226 INFO [supervised seed2] epoch 18 step 1638 loss 0.0239 (in-sample val: type F1 1.0000, span F1 1.0000) 2.7s
2026-10-01 22:11:37,061 INFO [supervised seed2] epoch 19 step 1729 loss 0.0192 (in-sample val: type F1 1.0000, span F1 0.9815) 2.8s
2026-10-01 22:11:39,751 INFO [supervised seed2] epoch 20 step 1820 loss 0.0045 (in-sample val: type F1 1.0000, span F1 1.0000) 2.7s
2026-10-01 22:11:42,382 INFO [supervised seed2] epoch 21 step 1911 loss 0.0046 (in-sample val: type F1 1.0000, span F1 1.0000) 2.6s
2026-10-01 22:11:45,202 INFO [supervised seed2] epoch 22 step 2002 loss 0.0014 (in-sample val: type F1 1.0000, span F1 1.0000) 2.8s
2026-10-01 22:11:48,014 INFO [supervised seed2] epoch 23 step 2093 loss 0.0027 (in-sample val: type F1 1.0000, span F1 1.0000) 2.8s
2026-10-01 22:11:50,762 INFO [supervised seed2] epoch 24 step 2184 loss 0.0044 (in-sample val: type F1 1.0000, span F1 1.0000) 2.7s
2026-10-01 22:11:53,713 INFO [supervised seed2] epoch 25 step 2275 loss 0.0015 (in-sample val: type F1 1.0000, span F1 1.0000) 2.9s
2026-10-01 22:11:56,540 INFO [supervised seed2] epoch 26 step 2366 loss 0.0032 (in-sample val: type F1 1.0000, span F1 1.0000) 2.8s
2026-10-01 22:11:59,444 INFO [supervised seed2] epoch 27 step 2457 loss 0.0011 (in-sample val: type F1 1.0000, span F1 1.0000) 2.9s
2026-10-01 22:12:02,266 INFO [supervised seed2] epoch 28 step 2548 loss 0.0027 (in-sample val: type F1 1.0000, span F1 1.0000) 2.8s
2026-10-01 22:12:05,312 INFO [supervised seed2] epoch 29 step 2639 loss 0.0016 (in-sample val: type F1 1.0000, span F1 1.0000) 3.0s
2026-10-01 22:12:08,620 INFO [supervised seed2] epoch 30 step 2730 loss 0.0001 (in-sample val: type F1 1.0000, span F1 1.0000) 3.3s
2026-10-01 22:12:11,683 INFO [supervised seed2] epoch 31 step 2821 loss 0.0001 (in-sample val: type F1 1.0000, span F1 1.0000) 3.0s
2026-10-01 22:12:14,705 INFO [supervised seed2] epoch 32 step 2912 loss 0.0001 (in-sample val: type F1 1.0000, span F1 1.0000) 3.0s
2026-10-01 22:12:18,187 INFO [supervised seed2] epoch 33 step 3003 loss 0.0001 (in-sample val: type F1 1.0000, span F1 1.0000) 3.5s
2026-10-01 22:12:21,424 INFO [supervised seed2] epoch 34 step 3094 loss 0.0001 (in-sample val: type F1 1.0000, span F1 1.0000) 3.2s
2026-10-01 22:12:24,248 INFO [supervised seed2] epoch 35 step 3185 loss 0.0010 (in-sample val: type F1 1.0000, span F1 1.0000) 2.8s
2026-10-01 22:12:26,975 INFO [supervised seed2] epoch 36 step 3276 loss 0.0012 (in-sample val: type F1 1.0000, span F1 1.0000) 2.7s
2026-10-01 22:12:29,627 INFO [supervised seed2] epoch 37 step 3367 loss 0.0001 (in-sample val: type F1 1.0000, span F1 1.0000) 2.6s
2026-10-01 22:12:32,285 INFO [supervised seed2] epoch 38 step 3458 loss 0.0001 (in-sample val: type F1 1.0000, span F1 1.0000) 2.6s
2026-10-01 22:12:34,996 INFO [supervised seed2] epoch 39 step 3549 loss 0.0003 (in-sample val: type F1 1.0000, span F1 1.0000) 2.7s
2026-10-01 22:12:37,702 INFO [supervised seed2] epoch 40 step 3640 loss 0.0001 (in-sample val: type F1 1.0000, span F1 1.0000) 2.7s
2026-10-01 22:12:37,859 WARNING MPS kernels are not bit-reproducible; repeated runs of a seed may differ.
2026-10-01 22:12:43,338 INFO [supervised seed3] epoch 1 step 91 loss 2.5274 (in-sample val: type F1 0.1171, span F1 0.0000) 2.6s
2026-10-01 22:12:45,999 INFO [supervised seed3] epoch 2 step 182 loss 1.7963 (in-sample val: type F1 0.8999, span F1 0.5055) 2.6s
2026-10-01 22:12:48,691 INFO [supervised seed3] epoch 3 step 273 loss 0.8550 (in-sample val: type F1 0.9165, span F1 0.6316) 2.7s
2026-10-01 22:12:51,369 INFO [supervised seed3] epoch 4 step 364 loss 0.4835 (in-sample val: type F1 0.9471, span F1 0.6337) 2.7s
2026-10-01 22:12:54,009 INFO [supervised seed3] epoch 5 step 455 loss 0.4108 (in-sample val: type F1 0.9660, span F1 0.7119) 2.6s
2026-10-01 22:12:56,712 INFO [supervised seed3] epoch 6 step 546 loss 0.2908 (in-sample val: type F1 0.9808, span F1 0.7736) 2.7s
2026-10-01 22:12:59,827 INFO [supervised seed3] epoch 7 step 637 loss 0.2075 (in-sample val: type F1 0.9862, span F1 0.8073) 3.1s
2026-10-01 22:13:02,597 INFO [supervised seed3] epoch 8 step 728 loss 0.1996 (in-sample val: type F1 0.9600, span F1 0.8571) 2.7s
2026-10-01 22:13:05,587 INFO [supervised seed3] epoch 9 step 819 loss 0.1322 (in-sample val: type F1 0.9926, span F1 0.8704) 3.0s
2026-10-01 22:13:08,312 INFO [supervised seed3] epoch 10 step 910 loss 0.1070 (in-sample val: type F1 1.0000, span F1 0.8224) 2.7s
2026-10-01 22:13:10,860 INFO [supervised seed3] epoch 11 step 1001 loss 0.0708 (in-sample val: type F1 0.9910, span F1 0.9074) 2.5s
2026-10-01 22:13:13,470 INFO [supervised seed3] epoch 12 step 1092 loss 0.0566 (in-sample val: type F1 0.9950, span F1 0.9636) 2.6s
2026-10-01 22:13:16,231 INFO [supervised seed3] epoch 13 step 1183 loss 0.0387 (in-sample val: type F1 1.0000, span F1 0.9815) 2.7s
2026-10-01 22:13:18,996 INFO [supervised seed3] epoch 14 step 1274 loss 0.0351 (in-sample val: type F1 1.0000, span F1 0.9444) 2.8s
2026-10-01 22:13:21,896 INFO [supervised seed3] epoch 15 step 1365 loss 0.0215 (in-sample val: type F1 1.0000, span F1 0.9346) 2.9s
2026-10-01 22:13:24,630 INFO [supervised seed3] epoch 16 step 1456 loss 0.0195 (in-sample val: type F1 1.0000, span F1 0.9630) 2.7s
2026-10-01 22:13:27,235 INFO [supervised seed3] epoch 17 step 1547 loss 0.0172 (in-sample val: type F1 1.0000, span F1 0.9815) 2.6s
2026-10-01 22:13:29,827 INFO [supervised seed3] epoch 18 step 1638 loss 0.0141 (in-sample val: type F1 1.0000, span F1 0.9623) 2.6s
2026-10-01 22:13:32,493 INFO [supervised seed3] epoch 19 step 1729 loss 0.0141 (in-sample val: type F1 1.0000, span F1 1.0000) 2.7s
2026-10-01 22:13:35,169 INFO [supervised seed3] epoch 20 step 1820 loss 0.0075 (in-sample val: type F1 1.0000, span F1 1.0000) 2.7s
2026-10-01 22:13:37,800 INFO [supervised seed3] epoch 21 step 1911 loss 0.0028 (in-sample val: type F1 1.0000, span F1 1.0000) 2.6s
2026-10-01 22:13:40,629 INFO [supervised seed3] epoch 22 step 2002 loss 0.0035 (in-sample val: type F1 1.0000, span F1 1.0000) 2.8s
2026-10-01 22:13:43,462 INFO [supervised seed3] epoch 23 step 2093 loss 0.0031 (in-sample val: type F1 1.0000, span F1 0.9815) 2.8s
2026-10-01 22:13:46,116 INFO [supervised seed3] epoch 24 step 2184 loss 0.0021 (in-sample val: type F1 1.0000, span F1 1.0000) 2.6s
2026-10-01 22:13:48,718 INFO [supervised seed3] epoch 25 step 2275 loss 0.0017 (in-sample val: type F1 1.0000, span F1 1.0000) 2.6s
2026-10-01 22:13:51,364 INFO [supervised seed3] epoch 26 step 2366 loss 0.0014 (in-sample val: type F1 1.0000, span F1 1.0000) 2.6s
2026-10-01 22:13:54,120 INFO [supervised seed3] epoch 27 step 2457 loss 0.0001 (in-sample val: type F1 1.0000, span F1 1.0000) 2.7s
2026-10-01 22:13:56,686 INFO [supervised seed3] epoch 28 step 2548 loss 0.0002 (in-sample val: type F1 1.0000, span F1 1.0000) 2.6s
2026-10-01 22:13:59,306 INFO [supervised seed3] epoch 29 step 2639 loss 0.0011 (in-sample val: type F1 1.0000, span F1 1.0000) 2.6s
2026-10-01 22:14:02,028 INFO [supervised seed3] epoch 30 step 2730 loss 0.0010 (in-sample val: type F1 1.0000, span F1 1.0000) 2.7s
2026-10-01 22:14:04,575 INFO [supervised seed3] epoch 31 step 2821 loss 0.0007 (in-sample val: type F1 1.0000, span F1 1.0000) 2.5s
2026-10-01 22:14:07,178 INFO [supervised seed3] epoch 32 step 2912 loss 0.0005 (in-sample val: type F1 1.0000, span F1 1.0000) 2.6s
2026-10-01 22:14:09,693 INFO [supervised seed3] epoch 33 step 3003 loss 0.0001 (in-sample val: type F1 1.0000, span F1 1.0000) 2.5s
2026-10-01 22:14:12,312 INFO [supervised seed3] epoch 34 step 3094 loss 0.0020 (in-sample val: type F1 1.0000, span F1 1.0000) 2.6s
2026-10-01 22:14:14,844 INFO [supervised seed3] epoch 35 step 3185 loss 0.0001 (in-sample val: type F1 1.0000, span F1 1.0000) 2.5s
2026-10-01 22:14:17,923 INFO [supervised seed3] epoch 36 step 3276 loss 0.0001 (in-sample val: type F1 1.0000, span F1 1.0000) 3.1s
2026-10-01 22:14:20,496 INFO [supervised seed3] epoch 37 step 3367 loss 0.0001 (in-sample val: type F1 1.0000, span F1 1.0000) 2.6s
2026-10-01 22:14:23,261 INFO [supervised seed3] epoch 38 step 3458 loss 0.0001 (in-sample val: type F1 1.0000, span F1 1.0000) 2.8s
2026-10-01 22:14:25,867 INFO [supervised seed3] epoch 39 step 3549 loss 0.0004 (in-sample val: type F1 1.0000, span F1 1.0000) 2.6s
2026-10-01 22:14:28,438 INFO [supervised seed3] epoch 40 step 3640 loss 0.0005 (in-sample val: type F1 1.0000, span F1 1.0000) 2.6s
[
  {
    "arm": "supervised",
    "seed": 1,
    "kd": {
      "temperature": 2.0,
      "alpha_hard": 1.0,
      "type_weight": 1.0,
      "span_weight": 1.0
    },
    "final_epoch": 40,
    "test_type_macro_f1": 0.8891298595845728,
    "test_span_f1": 0.66,
    "param_count": 8414475,
    "param_bytes_fp32": 33657900,
    "steps": 3640,
    "device": "mps",
    "wall_time_sec": 109.00504037481733,
    "train_time_sec": 108.366145625012,
    "sec_per_epoch": 2.7091536406253,
    "train_examples_per_sec": 266.8730149365484,
    "checkpoint_path": "models/distillation-v1/supervised/student-4x256/seed1"
  },
  {
    "arm": "supervised",
    "seed": 2,
    "kd": {
      "temperature": 2.0,
      "alpha_hard": 1.0,
      "type_weight": 1.0,
      "span_weight": 1.0
    },
    "final_epoch": 40,
    "test_type_macro_f1": 0.9233689692982456,
    "test_span_f1": 0.6666666666666667,
    "param_count": 8414475,
    "param_bytes_fp32": 33657900,
    "steps": 3640,
    "device": "mps",
    "wall_time_sec": 115.86020429199561,
    "train_time_sec": 115.20480382745154,
    "sec_per_epoch": 2.8801200956862885,
    "train_examples_per_sec": 251.0311986930254,
    "checkpoint_path": "models/distillation-v1/supervised/student-4x256/seed2"
  },
  {
    "arm": "supervised",
    "seed": 3,
    "kd": {
      "temperature": 2.0,
      "alpha_hard": 1.0,
      "type_weight": 1.0,
      "span_weight": 1.0
    },
    "final_epoch": 40,
    "test_type_macro_f1": 0.8488167256708398,
    "test_span_f1": 0.6170212765957446,
    "param_count": 8414475,
    "param_bytes_fp32": 33657900,
    "steps": 3640,
    "device": "mps",
    "wall_time_sec": 107.76846375013702,
    "train_time_sec": 107.19846212398261,
    "sec_per_epoch": 2.6799615530995653,
    "train_examples_per_sec": 269.7799896285077,
    "checkpoint_path": "models/distillation-v1/supervised/student-4x256/seed3"
  }
]
