2026-10-02 01:07:31,522 WARNING MPS kernels are not bit-reproducible; repeated runs of a seed may differ.
Warning: You are sending unauthenticated requests to the HF Hub. Please set a HF_TOKEN to enable higher rate limits and faster downloads.
2026-10-02 01:07:31,930 WARNING Warning: You are sending unauthenticated requests to the HF Hub. Please set a HF_TOKEN to enable higher rate limits and faster downloads.
Loading weights:   0%|          | 0/197 [00:00<?, ?it/s]Loading weights: 100%|██████████| 197/197 [00:00<00:00, 21848.22it/s]
[transformers] [1mRobertaModel LOAD REPORT[0m from: Qualcomm-AI-Research/BamiBERT
Key                       | Status     |  | 
--------------------------+------------+--+-
lm_head.decoder.bias      | UNEXPECTED |  | 
lm_head.dense.bias        | UNEXPECTED |  | 
lm_head.layer_norm.bias   | UNEXPECTED |  | 
lm_head.layer_norm.weight | UNEXPECTED |  | 
lm_head.dense.weight      | UNEXPECTED |  | 
lm_head.bias              | UNEXPECTED |  | 

Notes:
- UNEXPECTED:	can be ignored when loading from different task/architecture; not ok if you expect identical arch.
2026-10-02 01:07:32,770 WARNING [1mRobertaModel LOAD REPORT[0m from: Qualcomm-AI-Research/BamiBERT
Key                       | Status     |  | 
--------------------------+------------+--+-
lm_head.decoder.bias      | UNEXPECTED |  | 
lm_head.dense.bias        | UNEXPECTED |  | 
lm_head.layer_norm.bias   | UNEXPECTED |  | 
lm_head.layer_norm.weight | UNEXPECTED |  | 
lm_head.dense.weight      | UNEXPECTED |  | 
lm_head.bias              | UNEXPECTED |  | 

Notes:
- UNEXPECTED:	can be ignored when loading from different task/architecture; not ok if you expect identical arch.
/Users/8bu/Projects/gidi/.venv/lib/python3.12/site-packages/torch/autograd/graph.py:1072: UserWarning: index_put_with_accumulate_mps does not have a deterministic implementation, but you set 'torch.use_deterministic_algorithms(True, warn_only=True)'. You can file an issue at https://github.com/pytorch/pytorch/issues to help us prioritize adding deterministic support for this operation. (Triggered internally at /Users/runner/work/pytorch/pytorch/aten/src/ATen/Context.cpp:190.)
  return Variable._execution_engine.run_backward(  # Calls into the C++ engine to run the backward pass
2026-10-02 01:07:40,173 INFO [supervised student-3x768-pretrained-pos32-vocab-B-rank-8000 seed3] epoch 1 step 91 loss 2.6593 (in-sample val: type F1 0.0968, span F1 0.0000) 6.3s
2026-10-02 01:07:45,885 INFO [supervised student-3x768-pretrained-pos32-vocab-B-rank-8000 seed3] epoch 2 step 182 loss 2.0698 (in-sample val: type F1 0.7183, span F1 0.0000) 5.7s
2026-10-02 01:07:51,608 INFO [supervised student-3x768-pretrained-pos32-vocab-B-rank-8000 seed3] epoch 3 step 273 loss 1.2633 (in-sample val: type F1 0.9225, span F1 0.1562) 5.7s
2026-10-02 01:07:57,262 INFO [supervised student-3x768-pretrained-pos32-vocab-B-rank-8000 seed3] epoch 4 step 364 loss 0.6856 (in-sample val: type F1 0.9762, span F1 0.4176) 5.6s
2026-10-02 01:08:02,993 INFO [supervised student-3x768-pretrained-pos32-vocab-B-rank-8000 seed3] epoch 5 step 455 loss 0.4088 (in-sample val: type F1 0.9795, span F1 0.6195) 5.7s
2026-10-02 01:08:08,684 INFO [supervised student-3x768-pretrained-pos32-vocab-B-rank-8000 seed3] epoch 6 step 546 loss 0.2411 (in-sample val: type F1 0.9915, span F1 0.7350) 5.7s
2026-10-02 01:08:14,396 INFO [supervised student-3x768-pretrained-pos32-vocab-B-rank-8000 seed3] epoch 7 step 637 loss 0.1402 (in-sample val: type F1 1.0000, span F1 0.8440) 5.7s
2026-10-02 01:08:20,176 INFO [supervised student-3x768-pretrained-pos32-vocab-B-rank-8000 seed3] epoch 8 step 728 loss 0.0727 (in-sample val: type F1 1.0000, span F1 0.9815) 5.8s
2026-10-02 01:08:25,889 INFO [supervised student-3x768-pretrained-pos32-vocab-B-rank-8000 seed3] epoch 9 step 819 loss 0.0467 (in-sample val: type F1 1.0000, span F1 0.9815) 5.7s
2026-10-02 01:08:31,700 INFO [supervised student-3x768-pretrained-pos32-vocab-B-rank-8000 seed3] epoch 10 step 910 loss 0.0295 (in-sample val: type F1 1.0000, span F1 1.0000) 5.8s
2026-10-02 01:08:37,392 INFO [supervised student-3x768-pretrained-pos32-vocab-B-rank-8000 seed3] epoch 11 step 1001 loss 0.0203 (in-sample val: type F1 1.0000, span F1 0.9815) 5.7s
2026-10-02 01:08:43,054 INFO [supervised student-3x768-pretrained-pos32-vocab-B-rank-8000 seed3] epoch 12 step 1092 loss 0.0121 (in-sample val: type F1 1.0000, span F1 1.0000) 5.6s
2026-10-02 01:08:48,753 INFO [supervised student-3x768-pretrained-pos32-vocab-B-rank-8000 seed3] epoch 13 step 1183 loss 0.0073 (in-sample val: type F1 1.0000, span F1 0.9815) 5.7s
2026-10-02 01:08:54,440 INFO [supervised student-3x768-pretrained-pos32-vocab-B-rank-8000 seed3] epoch 14 step 1274 loss 0.0046 (in-sample val: type F1 1.0000, span F1 1.0000) 5.7s
2026-10-02 01:09:00,167 INFO [supervised student-3x768-pretrained-pos32-vocab-B-rank-8000 seed3] epoch 15 step 1365 loss 0.0073 (in-sample val: type F1 1.0000, span F1 1.0000) 5.7s
2026-10-02 01:09:05,829 INFO [supervised student-3x768-pretrained-pos32-vocab-B-rank-8000 seed3] epoch 16 step 1456 loss 0.0031 (in-sample val: type F1 1.0000, span F1 1.0000) 5.6s
2026-10-02 01:09:11,498 INFO [supervised student-3x768-pretrained-pos32-vocab-B-rank-8000 seed3] epoch 17 step 1547 loss 0.0038 (in-sample val: type F1 1.0000, span F1 1.0000) 5.6s
2026-10-02 01:09:17,212 INFO [supervised student-3x768-pretrained-pos32-vocab-B-rank-8000 seed3] epoch 18 step 1638 loss 0.0023 (in-sample val: type F1 1.0000, span F1 1.0000) 5.7s
2026-10-02 01:09:22,948 INFO [supervised student-3x768-pretrained-pos32-vocab-B-rank-8000 seed3] epoch 19 step 1729 loss 0.0019 (in-sample val: type F1 1.0000, span F1 1.0000) 5.7s
2026-10-02 01:09:28,622 INFO [supervised student-3x768-pretrained-pos32-vocab-B-rank-8000 seed3] epoch 20 step 1820 loss 0.0025 (in-sample val: type F1 1.0000, span F1 1.0000) 5.6s
2026-10-02 01:09:34,309 INFO [supervised student-3x768-pretrained-pos32-vocab-B-rank-8000 seed3] epoch 21 step 1911 loss 0.0008 (in-sample val: type F1 1.0000, span F1 1.0000) 5.7s
2026-10-02 01:09:39,946 INFO [supervised student-3x768-pretrained-pos32-vocab-B-rank-8000 seed3] epoch 22 step 2002 loss 0.0008 (in-sample val: type F1 1.0000, span F1 1.0000) 5.6s
2026-10-02 01:09:45,699 INFO [supervised student-3x768-pretrained-pos32-vocab-B-rank-8000 seed3] epoch 23 step 2093 loss 0.0010 (in-sample val: type F1 1.0000, span F1 1.0000) 5.7s
2026-10-02 01:09:51,446 INFO [supervised student-3x768-pretrained-pos32-vocab-B-rank-8000 seed3] epoch 24 step 2184 loss 0.0003 (in-sample val: type F1 1.0000, span F1 1.0000) 5.7s
2026-10-02 01:09:57,126 INFO [supervised student-3x768-pretrained-pos32-vocab-B-rank-8000 seed3] epoch 25 step 2275 loss 0.0003 (in-sample val: type F1 1.0000, span F1 1.0000) 5.7s
2026-10-02 01:10:02,794 INFO [supervised student-3x768-pretrained-pos32-vocab-B-rank-8000 seed3] epoch 26 step 2366 loss 0.0004 (in-sample val: type F1 1.0000, span F1 1.0000) 5.6s
2026-10-02 01:10:08,480 INFO [supervised student-3x768-pretrained-pos32-vocab-B-rank-8000 seed3] epoch 27 step 2457 loss 0.0004 (in-sample val: type F1 1.0000, span F1 1.0000) 5.7s
2026-10-02 01:10:14,192 INFO [supervised student-3x768-pretrained-pos32-vocab-B-rank-8000 seed3] epoch 28 step 2548 loss 0.0007 (in-sample val: type F1 1.0000, span F1 1.0000) 5.7s
2026-10-02 01:10:19,857 INFO [supervised student-3x768-pretrained-pos32-vocab-B-rank-8000 seed3] epoch 29 step 2639 loss 0.0007 (in-sample val: type F1 1.0000, span F1 1.0000) 5.6s
2026-10-02 01:10:25,576 INFO [supervised student-3x768-pretrained-pos32-vocab-B-rank-8000 seed3] epoch 30 step 2730 loss 0.0003 (in-sample val: type F1 1.0000, span F1 1.0000) 5.7s
2026-10-02 01:10:31,281 INFO [supervised student-3x768-pretrained-pos32-vocab-B-rank-8000 seed3] epoch 31 step 2821 loss 0.0002 (in-sample val: type F1 1.0000, span F1 1.0000) 5.7s
2026-10-02 01:10:36,996 INFO [supervised student-3x768-pretrained-pos32-vocab-B-rank-8000 seed3] epoch 32 step 2912 loss 0.0003 (in-sample val: type F1 1.0000, span F1 1.0000) 5.7s
2026-10-02 01:10:42,638 INFO [supervised student-3x768-pretrained-pos32-vocab-B-rank-8000 seed3] epoch 33 step 3003 loss 0.0005 (in-sample val: type F1 1.0000, span F1 1.0000) 5.6s
2026-10-02 01:10:48,300 INFO [supervised student-3x768-pretrained-pos32-vocab-B-rank-8000 seed3] epoch 34 step 3094 loss 0.0003 (in-sample val: type F1 1.0000, span F1 1.0000) 5.6s
2026-10-02 01:10:54,066 INFO [supervised student-3x768-pretrained-pos32-vocab-B-rank-8000 seed3] epoch 35 step 3185 loss 0.0002 (in-sample val: type F1 1.0000, span F1 1.0000) 5.7s
2026-10-02 01:10:59,843 INFO [supervised student-3x768-pretrained-pos32-vocab-B-rank-8000 seed3] epoch 36 step 3276 loss 0.0002 (in-sample val: type F1 1.0000, span F1 1.0000) 5.7s
2026-10-02 01:11:05,542 INFO [supervised student-3x768-pretrained-pos32-vocab-B-rank-8000 seed3] epoch 37 step 3367 loss 0.0001 (in-sample val: type F1 1.0000, span F1 1.0000) 5.7s
2026-10-02 01:11:11,364 INFO [supervised student-3x768-pretrained-pos32-vocab-B-rank-8000 seed3] epoch 38 step 3458 loss 0.0002 (in-sample val: type F1 1.0000, span F1 1.0000) 5.8s
2026-10-02 01:11:17,132 INFO [supervised student-3x768-pretrained-pos32-vocab-B-rank-8000 seed3] epoch 39 step 3549 loss 0.0003 (in-sample val: type F1 1.0000, span F1 1.0000) 5.7s
2026-10-02 01:11:22,903 INFO [supervised student-3x768-pretrained-pos32-vocab-B-rank-8000 seed3] epoch 40 step 3640 loss 0.0002 (in-sample val: type F1 1.0000, span F1 1.0000) 5.7s
[
  {
    "arm": "supervised",
    "variant": "student-3x768-pretrained-pos32-vocab-B-rank-8000",
    "seed": 3,
    "kd": {
      "temperature": 2.0,
      "alpha_hard": 1.0,
      "type_weight": 1.0,
      "span_weight": 1.0
    },
    "final_epoch": 40,
    "test_type_macro_f1": 0.9264866982446629,
    "test_span_f1": 0.7843137254901961,
    "param_count": 27704075,
    "param_bytes_fp32": 110816300,
    "steps": 3640,
    "device": "mps",
    "wall_time_sec": 229.14811745891348,
    "train_time_sec": 227.89417929342017,
    "sec_per_epoch": 5.697354482335504,
    "train_examples_per_sec": 126.90100330629633,
    "checkpoint_path": "models/compression-v2/supervised/student-3x768-pretrained-pos32-vocab-B-rank-8000/seed3"
  }
]
