2026-10-02 00:59:36,076 WARNING MPS kernels are not bit-reproducible; repeated runs of a seed may differ.
Warning: You are sending unauthenticated requests to the HF Hub. Please set a HF_TOKEN to enable higher rate limits and faster downloads.
2026-10-02 00:59:36,520 WARNING Warning: You are sending unauthenticated requests to the HF Hub. Please set a HF_TOKEN to enable higher rate limits and faster downloads.
Loading weights:   0%|          | 0/197 [00:00<?, ?it/s]Loading weights: 100%|██████████| 197/197 [00:00<00:00, 9155.54it/s]
[transformers] [1mRobertaModel LOAD REPORT[0m from: Qualcomm-AI-Research/BamiBERT
Key                       | Status     |  | 
--------------------------+------------+--+-
lm_head.layer_norm.weight | UNEXPECTED |  | 
lm_head.layer_norm.bias   | UNEXPECTED |  | 
lm_head.dense.weight      | UNEXPECTED |  | 
lm_head.dense.bias        | UNEXPECTED |  | 
lm_head.bias              | UNEXPECTED |  | 
lm_head.decoder.bias      | UNEXPECTED |  | 

Notes:
- UNEXPECTED:	can be ignored when loading from different task/architecture; not ok if you expect identical arch.
2026-10-02 00:59:37,374 WARNING [1mRobertaModel LOAD REPORT[0m from: Qualcomm-AI-Research/BamiBERT
Key                       | Status     |  | 
--------------------------+------------+--+-
lm_head.layer_norm.weight | UNEXPECTED |  | 
lm_head.layer_norm.bias   | UNEXPECTED |  | 
lm_head.dense.weight      | UNEXPECTED |  | 
lm_head.dense.bias        | UNEXPECTED |  | 
lm_head.bias              | UNEXPECTED |  | 
lm_head.decoder.bias      | UNEXPECTED |  | 

Notes:
- UNEXPECTED:	can be ignored when loading from different task/architecture; not ok if you expect identical arch.
/Users/8bu/Projects/gidi/.venv/lib/python3.12/site-packages/torch/autograd/graph.py:1072: UserWarning: index_put_with_accumulate_mps does not have a deterministic implementation, but you set 'torch.use_deterministic_algorithms(True, warn_only=True)'. You can file an issue at https://github.com/pytorch/pytorch/issues to help us prioritize adding deterministic support for this operation. (Triggered internally at /Users/runner/work/pytorch/pytorch/aten/src/ATen/Context.cpp:190.)
  return Variable._execution_engine.run_backward(  # Calls into the C++ engine to run the backward pass
2026-10-02 00:59:45,509 INFO [supervised student-3x768-pretrained-pos32-vocab-B-rank-8000 seed1] epoch 1 step 91 loss 2.6701 (in-sample val: type F1 0.0802, span F1 0.0000) 6.6s
2026-10-02 00:59:51,350 INFO [supervised student-3x768-pretrained-pos32-vocab-B-rank-8000 seed1] epoch 2 step 182 loss 2.0908 (in-sample val: type F1 0.5740, span F1 0.0000) 5.8s
2026-10-02 00:59:57,147 INFO [supervised student-3x768-pretrained-pos32-vocab-B-rank-8000 seed1] epoch 3 step 273 loss 1.2704 (in-sample val: type F1 0.9290, span F1 0.0299) 5.8s
2026-10-02 01:00:02,892 INFO [supervised student-3x768-pretrained-pos32-vocab-B-rank-8000 seed1] epoch 4 step 364 loss 0.7093 (in-sample val: type F1 0.9675, span F1 0.5000) 5.7s
2026-10-02 01:00:08,794 INFO [supervised student-3x768-pretrained-pos32-vocab-B-rank-8000 seed1] epoch 5 step 455 loss 0.4070 (in-sample val: type F1 0.9915, span F1 0.7778) 5.9s
2026-10-02 01:00:14,622 INFO [supervised student-3x768-pretrained-pos32-vocab-B-rank-8000 seed1] epoch 6 step 546 loss 0.2353 (in-sample val: type F1 1.0000, span F1 0.8704) 5.8s
2026-10-02 01:00:20,388 INFO [supervised student-3x768-pretrained-pos32-vocab-B-rank-8000 seed1] epoch 7 step 637 loss 0.1312 (in-sample val: type F1 1.0000, span F1 0.9091) 5.7s
2026-10-02 01:00:26,157 INFO [supervised student-3x768-pretrained-pos32-vocab-B-rank-8000 seed1] epoch 8 step 728 loss 0.0737 (in-sample val: type F1 1.0000, span F1 0.9009) 5.7s
2026-10-02 01:00:31,938 INFO [supervised student-3x768-pretrained-pos32-vocab-B-rank-8000 seed1] epoch 9 step 819 loss 0.0441 (in-sample val: type F1 1.0000, span F1 0.9725) 5.8s
2026-10-02 01:00:37,671 INFO [supervised student-3x768-pretrained-pos32-vocab-B-rank-8000 seed1] epoch 10 step 910 loss 0.0282 (in-sample val: type F1 1.0000, span F1 0.9730) 5.7s
2026-10-02 01:00:43,328 INFO [supervised student-3x768-pretrained-pos32-vocab-B-rank-8000 seed1] epoch 11 step 1001 loss 0.0170 (in-sample val: type F1 1.0000, span F1 1.0000) 5.6s
2026-10-02 01:00:49,148 INFO [supervised student-3x768-pretrained-pos32-vocab-B-rank-8000 seed1] epoch 12 step 1092 loss 0.0122 (in-sample val: type F1 1.0000, span F1 1.0000) 5.8s
2026-10-02 01:00:54,994 INFO [supervised student-3x768-pretrained-pos32-vocab-B-rank-8000 seed1] epoch 13 step 1183 loss 0.0069 (in-sample val: type F1 1.0000, span F1 1.0000) 5.8s
2026-10-02 01:01:00,957 INFO [supervised student-3x768-pretrained-pos32-vocab-B-rank-8000 seed1] epoch 14 step 1274 loss 0.0055 (in-sample val: type F1 1.0000, span F1 1.0000) 5.9s
2026-10-02 01:01:06,689 INFO [supervised student-3x768-pretrained-pos32-vocab-B-rank-8000 seed1] epoch 15 step 1365 loss 0.0020 (in-sample val: type F1 1.0000, span F1 1.0000) 5.7s
2026-10-02 01:01:12,423 INFO [supervised student-3x768-pretrained-pos32-vocab-B-rank-8000 seed1] epoch 16 step 1456 loss 0.0026 (in-sample val: type F1 1.0000, span F1 1.0000) 5.7s
2026-10-02 01:01:18,232 INFO [supervised student-3x768-pretrained-pos32-vocab-B-rank-8000 seed1] epoch 17 step 1547 loss 0.0029 (in-sample val: type F1 1.0000, span F1 1.0000) 5.8s
2026-10-02 01:01:24,002 INFO [supervised student-3x768-pretrained-pos32-vocab-B-rank-8000 seed1] epoch 18 step 1638 loss 0.0026 (in-sample val: type F1 1.0000, span F1 1.0000) 5.7s
2026-10-02 01:01:29,979 INFO [supervised student-3x768-pretrained-pos32-vocab-B-rank-8000 seed1] epoch 19 step 1729 loss 0.0008 (in-sample val: type F1 1.0000, span F1 1.0000) 5.9s
2026-10-02 01:01:35,957 INFO [supervised student-3x768-pretrained-pos32-vocab-B-rank-8000 seed1] epoch 20 step 1820 loss 0.0010 (in-sample val: type F1 1.0000, span F1 1.0000) 6.0s
2026-10-02 01:01:41,972 INFO [supervised student-3x768-pretrained-pos32-vocab-B-rank-8000 seed1] epoch 21 step 1911 loss 0.0012 (in-sample val: type F1 1.0000, span F1 1.0000) 6.0s
2026-10-02 01:01:47,652 INFO [supervised student-3x768-pretrained-pos32-vocab-B-rank-8000 seed1] epoch 22 step 2002 loss 0.0010 (in-sample val: type F1 1.0000, span F1 1.0000) 5.7s
2026-10-02 01:01:53,525 INFO [supervised student-3x768-pretrained-pos32-vocab-B-rank-8000 seed1] epoch 23 step 2093 loss 0.0004 (in-sample val: type F1 1.0000, span F1 1.0000) 5.8s
2026-10-02 01:01:59,375 INFO [supervised student-3x768-pretrained-pos32-vocab-B-rank-8000 seed1] epoch 24 step 2184 loss 0.0005 (in-sample val: type F1 1.0000, span F1 1.0000) 5.8s
2026-10-02 01:02:05,104 INFO [supervised student-3x768-pretrained-pos32-vocab-B-rank-8000 seed1] epoch 25 step 2275 loss 0.0004 (in-sample val: type F1 1.0000, span F1 1.0000) 5.7s
2026-10-02 01:02:10,811 INFO [supervised student-3x768-pretrained-pos32-vocab-B-rank-8000 seed1] epoch 26 step 2366 loss 0.0006 (in-sample val: type F1 1.0000, span F1 1.0000) 5.7s
2026-10-02 01:02:16,536 INFO [supervised student-3x768-pretrained-pos32-vocab-B-rank-8000 seed1] epoch 27 step 2457 loss 0.0006 (in-sample val: type F1 1.0000, span F1 1.0000) 5.7s
2026-10-02 01:02:22,182 INFO [supervised student-3x768-pretrained-pos32-vocab-B-rank-8000 seed1] epoch 28 step 2548 loss 0.0005 (in-sample val: type F1 1.0000, span F1 1.0000) 5.6s
2026-10-02 01:02:27,872 INFO [supervised student-3x768-pretrained-pos32-vocab-B-rank-8000 seed1] epoch 29 step 2639 loss 0.0003 (in-sample val: type F1 1.0000, span F1 1.0000) 5.7s
2026-10-02 01:02:33,539 INFO [supervised student-3x768-pretrained-pos32-vocab-B-rank-8000 seed1] epoch 30 step 2730 loss 0.0003 (in-sample val: type F1 1.0000, span F1 1.0000) 5.6s
2026-10-02 01:02:39,186 INFO [supervised student-3x768-pretrained-pos32-vocab-B-rank-8000 seed1] epoch 31 step 2821 loss 0.0002 (in-sample val: type F1 1.0000, span F1 1.0000) 5.6s
2026-10-02 01:02:44,876 INFO [supervised student-3x768-pretrained-pos32-vocab-B-rank-8000 seed1] epoch 32 step 2912 loss 0.0005 (in-sample val: type F1 1.0000, span F1 1.0000) 5.7s
2026-10-02 01:02:50,580 INFO [supervised student-3x768-pretrained-pos32-vocab-B-rank-8000 seed1] epoch 33 step 3003 loss 0.0002 (in-sample val: type F1 1.0000, span F1 1.0000) 5.7s
2026-10-02 01:02:56,319 INFO [supervised student-3x768-pretrained-pos32-vocab-B-rank-8000 seed1] epoch 34 step 3094 loss 0.0005 (in-sample val: type F1 1.0000, span F1 1.0000) 5.7s
2026-10-02 01:03:01,988 INFO [supervised student-3x768-pretrained-pos32-vocab-B-rank-8000 seed1] epoch 35 step 3185 loss 0.0002 (in-sample val: type F1 1.0000, span F1 1.0000) 5.6s
2026-10-02 01:03:07,691 INFO [supervised student-3x768-pretrained-pos32-vocab-B-rank-8000 seed1] epoch 36 step 3276 loss 0.0001 (in-sample val: type F1 1.0000, span F1 1.0000) 5.7s
2026-10-02 01:03:13,526 INFO [supervised student-3x768-pretrained-pos32-vocab-B-rank-8000 seed1] epoch 37 step 3367 loss 0.0002 (in-sample val: type F1 1.0000, span F1 1.0000) 5.8s
2026-10-02 01:03:19,281 INFO [supervised student-3x768-pretrained-pos32-vocab-B-rank-8000 seed1] epoch 38 step 3458 loss 0.0001 (in-sample val: type F1 1.0000, span F1 1.0000) 5.7s
2026-10-02 01:03:25,024 INFO [supervised student-3x768-pretrained-pos32-vocab-B-rank-8000 seed1] epoch 39 step 3549 loss 0.0002 (in-sample val: type F1 1.0000, span F1 1.0000) 5.7s
2026-10-02 01:03:30,874 INFO [supervised student-3x768-pretrained-pos32-vocab-B-rank-8000 seed1] epoch 40 step 3640 loss 0.0002 (in-sample val: type F1 1.0000, span F1 1.0000) 5.8s
[
  {
    "arm": "supervised",
    "variant": "student-3x768-pretrained-pos32-vocab-B-rank-8000",
    "seed": 1,
    "kd": {
      "temperature": 2.0,
      "alpha_hard": 1.0,
      "type_weight": 1.0,
      "span_weight": 1.0
    },
    "final_epoch": 40,
    "test_type_macro_f1": 0.9350415414067992,
    "test_span_f1": 0.8113207547169811,
    "param_count": 27704075,
    "param_bytes_fp32": 110816300,
    "steps": 3640,
    "device": "mps",
    "wall_time_sec": 232.30112245795317,
    "train_time_sec": 230.81461721053347,
    "sec_per_epoch": 5.770365430263337,
    "train_examples_per_sec": 125.29535758829837,
    "checkpoint_path": "models/compression-v2/supervised/student-3x768-pretrained-pos32-vocab-B-rank-8000/seed1"
  }
]
